Archive member included to satisfy reference by file (symbol)

c:/siliconlabs/simplicitystudio/v5/developer/toolchains/gnu_arm/12.2.rel1_2023.7/bin/../lib/gcc/arm-none-eabi/12.2.1/thumb/v8-m.main+fp/hard\libgcc.a(_arm_muldf3.o)
                              ./gecko_sdk_4.4.2/util/third_party/printf/printf.o (__aeabi_dmul)
c:/siliconlabs/simplicitystudio/v5/developer/toolchains/gnu_arm/12.2.rel1_2023.7/bin/../lib/gcc/arm-none-eabi/12.2.1/thumb/v8-m.main+fp/hard\libgcc.a(_arm_addsubdf3.o)
                              ./gecko_sdk_4.4.2/util/third_party/printf/printf.o (__aeabi_dsub)
c:/siliconlabs/simplicitystudio/v5/developer/toolchains/gnu_arm/12.2.rel1_2023.7/bin/../lib/gcc/arm-none-eabi/12.2.1/thumb/v8-m.main+fp/hard\libgcc.a(_arm_muldivdf3.o)
                              ./gecko_sdk_4.4.2/util/third_party/printf/printf.o (__aeabi_ddiv)
c:/siliconlabs/simplicitystudio/v5/developer/toolchains/gnu_arm/12.2.rel1_2023.7/bin/../lib/gcc/arm-none-eabi/12.2.1/thumb/v8-m.main+fp/hard\libgcc.a(_arm_cmpdf2.o)
                              ./gecko_sdk_4.4.2/util/third_party/printf/printf.o (__aeabi_dcmpeq)
c:/siliconlabs/simplicitystudio/v5/developer/toolchains/gnu_arm/12.2.rel1_2023.7/bin/../lib/gcc/arm-none-eabi/12.2.1/thumb/v8-m.main+fp/hard\libgcc.a(_arm_fixdfsi.o)
                              ./gecko_sdk_4.4.2/util/third_party/printf/printf.o (__aeabi_d2iz)
c:/siliconlabs/simplicitystudio/v5/developer/toolchains/gnu_arm/12.2.rel1_2023.7/bin/../lib/gcc/arm-none-eabi/12.2.1/thumb/v8-m.main+fp/hard\libgcc.a(_arm_fixunsdfsi.o)
                              ./gecko_sdk_4.4.2/util/third_party/printf/printf.o (__aeabi_d2uiz)
c:/siliconlabs/simplicitystudio/v5/developer/toolchains/gnu_arm/12.2.rel1_2023.7/bin/../lib/gcc/arm-none-eabi/12.2.1/thumb/v8-m.main+fp/hard\libgcc.a(_aeabi_ldivmod.o)
                              ./gecko_sdk_4.4.2/platform/emlib/src/em_usart.o (__aeabi_ldivmod)
c:/siliconlabs/simplicitystudio/v5/developer/toolchains/gnu_arm/12.2.rel1_2023.7/bin/../lib/gcc/arm-none-eabi/12.2.1/thumb/v8-m.main+fp/hard\libgcc.a(_aeabi_uldivmod.o)
                              ./gecko_sdk_4.4.2/platform/emlib/src/em_usart.o (__aeabi_uldivmod)
c:/siliconlabs/simplicitystudio/v5/developer/toolchains/gnu_arm/12.2.rel1_2023.7/bin/../lib/gcc/arm-none-eabi/12.2.1/thumb/v8-m.main+fp/hard\libgcc.a(_udivmoddi4.o)
                              c:/siliconlabs/simplicitystudio/v5/developer/toolchains/gnu_arm/12.2.rel1_2023.7/bin/../lib/gcc/arm-none-eabi/12.2.1/thumb/v8-m.main+fp/hard\libgcc.a(_aeabi_ldivmod.o) (__udivmoddi4)
c:/siliconlabs/simplicitystudio/v5/developer/toolchains/gnu_arm/12.2.rel1_2023.7/bin/../lib/gcc/arm-none-eabi/12.2.1/thumb/v8-m.main+fp/hard\libgcc.a(_dvmd_tls.o)
                              c:/siliconlabs/simplicitystudio/v5/developer/toolchains/gnu_arm/12.2.rel1_2023.7/bin/../lib/gcc/arm-none-eabi/12.2.1/thumb/v8-m.main+fp/hard\libgcc.a(_aeabi_ldivmod.o) (__aeabi_ldiv0)
c:/siliconlabs/simplicitystudio/v5/developer/toolchains/gnu_arm/12.2.rel1_2023.7/bin/../lib/gcc/arm-none-eabi/12.2.1/thumb/v8-m.main+fp/hard\libc_nano.a(libc_a-exit.o)
                              c:/siliconlabs/simplicitystudio/v5/developer/toolchains/gnu_arm/12.2.rel1_2023.7/bin/../lib/gcc/arm-none-eabi/12.2.1/thumb/v8-m.main+fp/hard/crt0.o (exit)
c:/siliconlabs/simplicitystudio/v5/developer/toolchains/gnu_arm/12.2.rel1_2023.7/bin/../lib/gcc/arm-none-eabi/12.2.1/thumb/v8-m.main+fp/hard\libc_nano.a(libc_a-ctype_.o)
                              ./gecko_sdk_4.4.2/platform/common/src/sl_string.o (_ctype_)
c:/siliconlabs/simplicitystudio/v5/developer/toolchains/gnu_arm/12.2.rel1_2023.7/bin/../lib/gcc/arm-none-eabi/12.2.1/thumb/v8-m.main+fp/hard\libc_nano.a(libc_a-findfp.o)
                              c:/siliconlabs/simplicitystudio/v5/developer/toolchains/gnu_arm/12.2.rel1_2023.7/bin/../lib/gcc/arm-none-eabi/12.2.1/thumb/v8-m.main+fp/hard\libc_nano.a(libc_a-exit.o) (__stdio_exit_handler)
c:/siliconlabs/simplicitystudio/v5/developer/toolchains/gnu_arm/12.2.rel1_2023.7/bin/../lib/gcc/arm-none-eabi/12.2.1/thumb/v8-m.main+fp/hard\libc_nano.a(libc_a-fwalk.o)
                              c:/siliconlabs/simplicitystudio/v5/developer/toolchains/gnu_arm/12.2.rel1_2023.7/bin/../lib/gcc/arm-none-eabi/12.2.1/thumb/v8-m.main+fp/hard\libc_nano.a(libc_a-findfp.o) (_fwalk_sglue)
c:/siliconlabs/simplicitystudio/v5/developer/toolchains/gnu_arm/12.2.rel1_2023.7/bin/../lib/gcc/arm-none-eabi/12.2.1/thumb/v8-m.main+fp/hard\libc_nano.a(libc_a-stdio.o)
                              c:/siliconlabs/simplicitystudio/v5/developer/toolchains/gnu_arm/12.2.rel1_2023.7/bin/../lib/gcc/arm-none-eabi/12.2.1/thumb/v8-m.main+fp/hard\libc_nano.a(libc_a-findfp.o) (__sread)
c:/siliconlabs/simplicitystudio/v5/developer/toolchains/gnu_arm/12.2.rel1_2023.7/bin/../lib/gcc/arm-none-eabi/12.2.1/thumb/v8-m.main+fp/hard\libc_nano.a(libc_a-memset.o)
[...]
Memory Configuration

Name             Origin             Length             Attributes
FLASH            0x00000000         0x0007e000         xr
RAM              0x20000000         0x00008000         xrw
*default*        0x00000000         0xffffffff

Linker script and memory map

LOAD c:/siliconlabs/simplicitystudio/v5/developer/toolchains/gnu_arm/12.2.rel1_2023.7/bin/../lib/gcc/arm-none-eabi/12.2.1/thumb/v8-m.main+fp/hard/crti.o
LOAD c:/siliconlabs/simplicitystudio/v5/developer/toolchains/gnu_arm/12.2.rel1_2023.7/bin/../lib/gcc/arm-none-eabi/12.2.1/thumb/v8-m.main+fp/hard/crtbegin.o
LOAD c:/siliconlabs/simplicitystudio/v5/developer/toolchains/gnu_arm/12.2.rel1_2023.7/bin/../lib/gcc/arm-none-eabi/12.2.1/thumb/v8-m.main+fp/hard/crt0.o
START GROUP
LOAD ./app.o
LOAD ./main.o
LOAD ./autogen/sl_board_default_init.o
LOAD ./autogen/sl_device_init_clocks.o
LOAD ./autogen/sl_event_handler.o
LOAD ./autogen/sl_iostream_handles.o
LOAD ./autogen/sl_iostream_init_usart_instances.o
LOAD ./gecko_sdk_4.4.2/hardware/board/src/sl_board_control_gpio.o
LOAD ./gecko_sdk_4.4.2/hardware/board/src/sl_board_init.o
LOAD ./gecko_sdk_4.4.2/hardware/driver/configuration_over_swo/src/sl_cos.o
LOAD ./gecko_sdk_4.4.2/hardware/driver/mx25_flash_shutdown/src/sl_mx25_flash_shutdown_usart/sl_mx25_flash_shutdown.o
LOAD ./gecko_sdk_4.4.2/platform/Device/SiliconLabs/EFR32MG22/Source/startup_efr32mg22.o
LOAD ./gecko_sdk_4.4.2/platform/Device/SiliconLabs/EFR32MG22/Source/system_efr32mg22.o
LOAD ./gecko_sdk_4.4.2/platform/common/src/sl_assert.o
LOAD ./gecko_sdk_4.4.2/platform/common/src/sl_string.o
LOAD ./gecko_sdk_4.4.2/platform/common/src/sl_syscalls.o
LOAD ./gecko_sdk_4.4.2/platform/common/toolchain/src/sl_memory.o
LOAD ./gecko_sdk_4.4.2/platform/driver/debug/src/sl_debug_swo.o
LOAD ./gecko_sdk_4.4.2/platform/emdrv/dmadrv/src/dmadrv.o
LOAD ./gecko_sdk_4.4.2/platform/emlib/src/em_cmu.o
LOAD ./gecko_sdk_4.4.2/platform/emlib/src/em_core.o
LOAD ./gecko_sdk_4.4.2/platform/emlib/src/em_emu.o
LOAD ./gecko_sdk_4.4.2/platform/emlib/src/em_gpio.o
LOAD ./gecko_sdk_4.4.2/platform/emlib/src/em_ldma.o
LOAD ./gecko_sdk_4.4.2/platform/emlib/src/em_msc.o
LOAD ./gecko_sdk_4.4.2/platform/emlib/src/em_system.o
LOAD ./gecko_sdk_4.4.2/platform/emlib/src/em_timer.o
LOAD ./gecko_sdk_4.4.2/platform/emlib/src/em_usart.o
LOAD ./gecko_sdk_4.4.2/platform/service/device_init/src/sl_device_init_dcdc_s2.o
LOAD ./gecko_sdk_4.4.2/platform/service/device_init/src/sl_device_init_emu_s2.o
LOAD ./gecko_sdk_4.4.2/platform/service/device_init/src/sl_device_init_hfxo_s2.o
LOAD ./gecko_sdk_4.4.2/platform/service/device_init/src/sl_device_init_lfxo_s2.o
LOAD ./gecko_sdk_4.4.2/platform/service/device_init/src/sl_device_init_nvic.o
LOAD ./gecko_sdk_4.4.2/platform/service/iostream/src/sl_iostream.o
LOAD ./gecko_sdk_4.4.2/platform/service/iostream/src/sl_iostream_uart.o
LOAD ./gecko_sdk_4.4.2/platform/service/iostream/src/sl_iostream_usart.o
LOAD ./gecko_sdk_4.4.2/platform/service/system/src/sl_system_init.o
LOAD ./gecko_sdk_4.4.2/platform/service/system/src/sl_system_process_action.o
LOAD ./gecko_sdk_4.4.2/platform/service/udelay/src/sl_udelay.o
LOAD ./gecko_sdk_4.4.2/platform/service/udelay/src/sl_udelay_armv6m_gcc.o
LOAD ./gecko_sdk_4.4.2/util/third_party/printf/printf.o
LOAD ./gecko_sdk_4.4.2/util/third_party/printf/src/iostream_printf.o
LOAD c:/siliconlabs/simplicitystudio/v5/developer/toolchains/gnu_arm/12.2.rel1_2023.7/bin/../lib/gcc/arm-none-eabi/12.2.1/thumb/v8-m.main+fp/hard\libgcc.a
LOAD c:/siliconlabs/simplicitystudio/v5/developer/toolchains/gnu_arm/12.2.rel1_2023.7/bin/../lib/gcc/arm-none-eabi/12.2.1/thumb/v8-m.main+fp/hard\libc_nano.a
LOAD c:/siliconlabs/simplicitystudio/v5/developer/toolchains/gnu_arm/12.2.rel1_2023.7/bin/../lib/gcc/arm-none-eabi/12.2.1/thumb/v8-m.main+fp/hard\libm.a
LOAD c:/siliconlabs/simplicitystudio/v5/developer/toolchains/gnu_arm/12.2.rel1_2023.7/bin/../lib/gcc/arm-none-eabi/12.2.1/thumb/v8-m.main+fp/hard\libnosys.a
END GROUP
START GROUP
LOAD c:/siliconlabs/simplicitystudio/v5/developer/toolchains/gnu_arm/12.2.rel1_2023.7/bin/../lib/gcc/arm-none-eabi/12.2.1/thumb/v8-m.main+fp/hard\libgcc.a
LOAD c:/siliconlabs/simplicitystudio/v5/developer/toolchains/gnu_arm/12.2.rel1_2023.7/bin/../lib/gcc/arm-none-eabi/12.2.1/thumb/v8-m.main+fp/hard\libc_nano.a
LOAD c:/siliconlabs/simplicitystudio/v5/developer/toolchains/gnu_arm/12.2.rel1_2023.7/bin/../lib/gcc/arm-none-eabi/12.2.1/thumb/v8-m.main+fp/hard\libnosys.a
END GROUP
START GROUP
LOAD c:/siliconlabs/simplicitystudio/v5/developer/toolchains/gnu_arm/12.2.rel1_2023.7/bin/../lib/gcc/arm-none-eabi/12.2.1/thumb/v8-m.main+fp/hard\libgcc.a
LOAD c:/siliconlabs/simplicitystudio/v5/developer/toolchains/gnu_arm/12.2.rel1_2023.7/bin/../lib/gcc/arm-none-eabi/12.2.1/thumb/v8-m.main+fp/hard\libg_nano.a
LOAD c:/siliconlabs/simplicitystudio/v5/developer/toolchains/gnu_arm/12.2.rel1_2023.7/bin/../lib/gcc/arm-none-eabi/12.2.1/thumb/v8-m.main+fp/hard\libc_nano.a
END GROUP
START GROUP
LOAD c:/siliconlabs/simplicitystudio/v5/developer/toolchains/gnu_arm/12.2.rel1_2023.7/bin/../lib/gcc/arm-none-eabi/12.2.1/thumb/v8-m.main+fp/hard\libgcc.a
LOAD c:/siliconlabs/simplicitystudio/v5/developer/toolchains/gnu_arm/12.2.rel1_2023.7/bin/../lib/gcc/arm-none-eabi/12.2.1/thumb/v8-m.main+fp/hard\libc_nano.a
END GROUP
LOAD c:/siliconlabs/simplicitystudio/v5/developer/toolchains/gnu_arm/12.2.rel1_2023.7/bin/../lib/gcc/arm-none-eabi/12.2.1/thumb/v8-m.main+fp/hard/crtend.o
LOAD c:/siliconlabs/simplicitystudio/v5/developer/toolchains/gnu_arm/12.2.rel1_2023.7/bin/../lib/gcc/arm-none-eabi/12.2.1/thumb/v8-m.main+fp/hard/crtn.o

.text           0x00000000     0x50d0
                0x00000000                linker_vectors_begin = .
 *(.vectors)
 .vectors       0x00000000      0x140 ./gecko_sdk_4.4.2/platform/Device/SiliconLabs/EFR32MG22/Source/startup_efr32mg22.o
                0x00000000                __Vectors
                0x00000140                linker_vectors_end = .
                0x00000140                __Vectors_End = .
                0x00000140                __Vectors_Size = (__Vectors_End - __Vectors)
                0x00000140                linker_code_begin = .
 *(SORT_BY_ALIGNMENT(.text*))
 .text          0x00000140        0x8 ./gecko_sdk_4.4.2/platform/service/udelay/src/sl_udelay_armv6m_gcc.o
                0x00000140                sli_delay_loop
 .text._etoa    0x00000148      0x374 ./gecko_sdk_4.4.2/util/third_party/printf/printf.o
 *fill*         0x000004bc        0x4 
 .text._ftoa    0x000004c0      0x30c ./gecko_sdk_4.4.2/util/third_party/printf/printf.o
 .text.deregister_tm_clones
                0x000007cc       0x1c c:/siliconlabs/simplicitystudio/v5/developer/toolchains/gnu_arm/12.2.rel1_2023.7/bin/../lib/gcc/arm-none-eabi/12.2.1/thumb/v8-m.main+fp/hard/crtbegin.o
 .text.register_tm_clones
                0x000007e8       0x28 c:/siliconlabs/simplicitystudio/v5/developer/toolchains/gnu_arm/12.2.rel1_2023.7/bin/../lib/gcc/arm-none-eabi/12.2.1/thumb/v8-m.main+fp/hard/crtbegin.o
 .text.__do_global_dtors_aux
                0x00000810       0x28 c:/siliconlabs/simplicitystudio/v5/developer/toolchains/gnu_arm/12.2.rel1_2023.7/bin/../lib/gcc/arm-none-eabi/12.2.1/thumb/v8-m.main+fp/hard/crtbegin.o
 .text.frame_dummy
                0x00000838       0x24 c:/siliconlabs/simplicitystudio/v5/developer/toolchains/gnu_arm/12.2.rel1_2023.7/bin/../lib/gcc/arm-none-eabi/12.2.1/thumb/v8-m.main+fp/hard/crtbegin.o
 .text          0x0000085c       0x7c c:/siliconlabs/simplicitystudio/v5/developer/toolchains/gnu_arm/12.2.rel1_2023.7/bin/../lib/gcc/arm-none-eabi/12.2.1/thumb/v8-m.main+fp/hard/crt0.o
                0x0000085c                _stack_init
                0x00000864                _start
                0x00000864                _mainCRTStartup
 .text.initGPIO
                0x000008d8       0x34 ./app.o
                0x000008d8                initGPIO
 .text.initTIMER0
                0x0000090c       0x64 ./app.o
                0x0000090c                initTIMER0
 .text.TIMER0_IRQHandler
                0x00000970       0x70 ./app.o
                0x00000970                TIMER0_IRQHandler
 .text.app_init
                0x000009e0       0xc4 ./app.o
                0x000009e0                app_init
 .text.sl_device_init_clocks
                0x00000aa4       0x9c ./autogen/sl_device_init_clocks.o
                0x00000aa4                sl_device_init_clocks
 .text.sl_platform_init
                0x00000b40       0x58 ./autogen/sl_event_handler.o
                0x00000b40                sl_platform_init
 .text.sl_iostream_usart_init_vcom
                0x00000b98       0xbc ./autogen/sl_iostream_init_usart_instances.o
                0x00000b98                sl_iostream_usart_init_vcom
 .text.sl_iostream_usart_init_instances
                0x00000c54       0x1c ./autogen/sl_iostream_init_usart_instances.o
                0x00000c54                sl_iostream_usart_init_instances
 .text.USART1_RX_IRQHandler
                0x00000c70        0xc ./autogen/sl_iostream_init_usart_instances.o
                0x00000c70                USART1_RX_IRQHandler
 .text.cs_high  0x00000c7c        0xc ./gecko_sdk_4.4.2/hardware/driver/mx25_flash_shutdown/src/sl_mx25_flash_shutdown_usart/sl_mx25_flash_shutdown.o
 .text.cs_low   0x00000c88        0xc ./gecko_sdk_4.4.2/hardware/driver/mx25_flash_shutdown/src/sl_mx25_flash_shutdown_usart/sl_mx25_flash_shutdown.o
 .text.sl_mx25_flash_shutdown
                0x00000c94      0x114 ./gecko_sdk_4.4.2/hardware/driver/mx25_flash_shutdown/src/sl_mx25_flash_shutdown_usart/sl_mx25_flash_shutdown.o
                0x00000c94                sl_mx25_flash_shutdown
 .text.CopyRamFuncs
                0x00000da8       0x1c ./gecko_sdk_4.4.2/platform/Device/SiliconLabs/EFR32MG22/Source/startup_efr32mg22.o
                0x00000da8                CopyRamFuncs
 .text.Reset_Handler
                0x00000dc4       0x64 ./gecko_sdk_4.4.2/platform/Device/SiliconLabs/EFR32MG22/Source/startup_efr32mg22.o
                0x00000dc4                Reset_Handler
 .text.SystemInit
                0x00000e28       0x64 ./gecko_sdk_4.4.2/platform/Device/SiliconLabs/EFR32MG22/Source/system_efr32mg22.o
                0x00000e28                SystemInit
 .text.SystemHFRCODPLLClockGet
                0x00000e8c        0xc ./gecko_sdk_4.4.2/platform/Device/SiliconLabs/EFR32MG22/Source/system_efr32mg22.o
                0x00000e8c                SystemHFRCODPLLClockGet
 .text.SystemSYSCLKGet
                0x00000e98       0x34 ./gecko_sdk_4.4.2/platform/Device/SiliconLabs/EFR32MG22/Source/system_efr32mg22.o
                0x00000e98                SystemSYSCLKGet
 .text.SystemHCLKGet
                0x00000ecc       0x24 ./gecko_sdk_4.4.2/platform/Device/SiliconLabs/EFR32MG22/Source/system_efr32mg22.o
                0x00000ecc                SystemHCLKGet
 .text.SystemMaxCoreClockGet
                0x00000ef0        0x8 ./gecko_sdk_4.4.2/platform/Device/SiliconLabs/EFR32MG22/Source/system_efr32mg22.o
                0x00000ef0                SystemMaxCoreClockGet
 .text.SystemHFXOClockGet
                0x00000ef8        0xc ./gecko_sdk_4.4.2/platform/Device/SiliconLabs/EFR32MG22/Source/system_efr32mg22.o
                0x00000ef8                SystemHFXOClockGet
 .text.SystemHFXOClockSet
                0x00000f04       0x20 ./gecko_sdk_4.4.2/platform/Device/SiliconLabs/EFR32MG22/Source/system_efr32mg22.o
                0x00000f04                SystemHFXOClockSet
 .text.SystemFSRCOClockGet
                0x00000f24        0x8 ./gecko_sdk_4.4.2/platform/Device/SiliconLabs/EFR32MG22/Source/system_efr32mg22.o
                0x00000f24                SystemFSRCOClockGet
 .text.SystemLFXOClockGet
                0x00000f2c        0xc ./gecko_sdk_4.4.2/platform/Device/SiliconLabs/EFR32MG22/Source/system_efr32mg22.o
                0x00000f2c                SystemLFXOClockGet
 .text.sl_debug_swo_init
                0x00000f38       0xc0 ./gecko_sdk_4.4.2/platform/driver/debug/src/sl_debug_swo.o
                0x00000f38                sl_debug_swo_init
 .text.sl_debug_swo_write_u8
                0x00000ff8       0x44 ./gecko_sdk_4.4.2/platform/driver/debug/src/sl_debug_swo.o
                0x00000ff8                sl_debug_swo_write_u8
 .text.StartTransfer
                0x0000103c      0x17c ./gecko_sdk_4.4.2/platform/emdrv/dmadrv/src/dmadrv.o
 .text.DMADRV_AllocateChannel
                0x000011b8       0x60 ./gecko_sdk_4.4.2/platform/emdrv/dmadrv/src/dmadrv.o
                0x000011b8                DMADRV_AllocateChannel
 .text.DMADRV_DeInit
                0x00001218       0x44 ./gecko_sdk_4.4.2/platform/emdrv/dmadrv/src/dmadrv.o
                0x00001218                DMADRV_DeInit
 .text.DMADRV_FreeChannel
                0x0000125c       0x4c ./gecko_sdk_4.4.2/platform/emdrv/dmadrv/src/dmadrv.o
                0x0000125c                DMADRV_FreeChannel
 .text.DMADRV_Init
                0x000012a8       0x68 ./gecko_sdk_4.4.2/platform/emdrv/dmadrv/src/dmadrv.o
                0x000012a8                DMADRV_Init
 .text.DMADRV_PauseTransfer
                0x00001310       0x40 ./gecko_sdk_4.4.2/platform/emdrv/dmadrv/src/dmadrv.o
                0x00001310                DMADRV_PauseTransfer
 .text.DMADRV_ResumeTransfer
                0x00001350       0x40 ./gecko_sdk_4.4.2/platform/emdrv/dmadrv/src/dmadrv.o
                0x00001350                DMADRV_ResumeTransfer
 .text.DMADRV_StopTransfer
                0x00001390       0x40 ./gecko_sdk_4.4.2/platform/emdrv/dmadrv/src/dmadrv.o
                0x00001390                DMADRV_StopTransfer
 .text.DMADRV_TransferCompletePending
                0x000013d0       0x50 ./gecko_sdk_4.4.2/platform/emdrv/dmadrv/src/dmadrv.o
                0x000013d0                DMADRV_TransferCompletePending
 .text.DMADRV_TransferDone
                0x00001420       0x44 ./gecko_sdk_4.4.2/platform/emdrv/dmadrv/src/dmadrv.o
                0x00001420                DMADRV_TransferDone
 .text.LDMA_IRQHandler
                0x00001464       0x74 ./gecko_sdk_4.4.2/platform/emdrv/dmadrv/src/dmadrv.o
                0x00001464                LDMA_IRQHandler
 .text.EMU_VScaleGet
                0x000014d8       0x18 ./gecko_sdk_4.4.2/platform/emlib/src/em_cmu.o
 .text.em01GrpaClkGet
                0x000014f0       0x48 ./gecko_sdk_4.4.2/platform/emlib/src/em_cmu.o
 .text.iadcClkGet
                0x00001538       0x54 ./gecko_sdk_4.4.2/platform/emlib/src/em_cmu.o
 .text.em01GrpbClkGet
                0x0000158c       0x74 ./gecko_sdk_4.4.2/platform/emlib/src/em_cmu.o
 .text.em23GrpaClkGet
                0x00001600       0x48 ./gecko_sdk_4.4.2/platform/emlib/src/em_cmu.o
 .text.wdog0ClkGet
                0x00001648       0x64 ./gecko_sdk_4.4.2/platform/emlib/src/em_cmu.o
 .text.rtccClkGet
                0x000016ac       0x54 ./gecko_sdk_4.4.2/platform/emlib/src/em_cmu.o
 .text.em4GrpaClkGet
                0x00001700       0x48 ./gecko_sdk_4.4.2/platform/emlib/src/em_cmu.o
 .text.euart0ClkGet
                0x00001748       0x48 ./gecko_sdk_4.4.2/platform/emlib/src/em_cmu.o
 .text.CMU_ClockDivGet
                0x00001790       0x84 ./gecko_sdk_4.4.2/platform/emlib/src/em_cmu.o
                0x00001790                CMU_ClockDivGet
 .text.flashWaitStateControl
                0x00001814       0x4c ./gecko_sdk_4.4.2/platform/emlib/src/em_cmu.o
 .text.CMU_ClockEnable
                0x00001860       0x54 ./gecko_sdk_4.4.2/platform/emlib/src/em_cmu.o
                0x00001860                CMU_ClockEnable
 .text.CMU_ClockFreqGet
                0x000018b4      0x198 ./gecko_sdk_4.4.2/platform/emlib/src/em_cmu.o
                0x000018b4                CMU_ClockFreqGet
 .text.rhclkPrescOptimize
                0x00001a4c       0x20 ./gecko_sdk_4.4.2/platform/emlib/src/em_cmu.o
 .text.CMU_ClockSelectGet
                0x00001a6c      0x168 ./gecko_sdk_4.4.2/platform/emlib/src/em_cmu.o
                0x00001a6c                CMU_ClockSelectGet
 .text.sli_em_cmu_HFXOSetForceEnable
                0x00001bd4       0x18 ./gecko_sdk_4.4.2/platform/emlib/src/em_cmu.o
                0x00001bd4                sli_em_cmu_HFXOSetForceEnable
 .text.CMU_HFXOInit
                0x00001bec      0x1dc ./gecko_sdk_4.4.2/platform/emlib/src/em_cmu.o
                0x00001bec                CMU_HFXOInit
 .text.CMU_HFXOCTuneDeltaGet
                0x00001dc8        0xc ./gecko_sdk_4.4.2/platform/emlib/src/em_cmu.o
                0x00001dc8                CMU_HFXOCTuneDeltaGet
 .text.CMU_LFXOInit
                0x00001dd4       0xc4 ./gecko_sdk_4.4.2/platform/emlib/src/em_cmu.o
                0x00001dd4                CMU_LFXOInit
 .text.CMU_LFXOPrecisionSet
                0x00001e98        0xc ./gecko_sdk_4.4.2/platform/emlib/src/em_cmu.o
                0x00001e98                CMU_LFXOPrecisionSet
 .text.CMU_HFXOPrecisionSet
                0x00001ea4        0xc ./gecko_sdk_4.4.2/platform/emlib/src/em_cmu.o
                0x00001ea4                CMU_HFXOPrecisionSet
 .text.CMU_ClockDivSet
                0x00001eb0      0x104 ./gecko_sdk_4.4.2/platform/emlib/src/em_cmu.o
                0x00001eb0                CMU_ClockDivSet
 .text.sli_em_cmu_SYSCLKInitPreClockSelect
                0x00001fb4       0x20 ./gecko_sdk_4.4.2/platform/emlib/src/em_cmu.o
                0x00001fb4                sli_em_cmu_SYSCLKInitPreClockSelect
 .text.pclkDivOptimize
                0x00001fd4       0x24 ./gecko_sdk_4.4.2/platform/emlib/src/em_cmu.o
 .text.EMU_EM4Init
                0x00001ff8       0x14 ./gecko_sdk_4.4.2/platform/emlib/src/em_emu.o
                0x00001ff8                EMU_EM4Init
 .text.EMU_VScaleEM01
                0x0000200c       0xa8 ./gecko_sdk_4.4.2/platform/emlib/src/em_emu.o
                0x0000200c                EMU_VScaleEM01
 .text.EMU_VScaleEM01ByClock
                0x000020b4       0x30 ./gecko_sdk_4.4.2/platform/emlib/src/em_emu.o
                0x000020b4                EMU_VScaleEM01ByClock
 .text.EMU_DCDCModeSet
                0x000020e4       0xb8 ./gecko_sdk_4.4.2/platform/emlib/src/em_emu.o
                0x000020e4                EMU_DCDCModeSet
 .text.EMU_DCDCInit
                0x0000219c       0x74 ./gecko_sdk_4.4.2/platform/emlib/src/em_emu.o
                0x0000219c                EMU_DCDCInit
 .text.GPIO_PinOutSet
                0x00002210       0x40 ./gecko_sdk_4.4.2/platform/emlib/src/em_gpio.o
 .text.GPIO_PinOutClear
                0x00002250       0x40 ./gecko_sdk_4.4.2/platform/emlib/src/em_gpio.o
 .text.GPIO_PinModeSet
                0x00002290       0x90 ./gecko_sdk_4.4.2/platform/emlib/src/em_gpio.o
                0x00002290                GPIO_PinModeSet
 .text.LDMA_DeInit
                0x00002320       0x3c ./gecko_sdk_4.4.2/platform/emlib/src/em_ldma.o
                0x00002320                LDMA_DeInit
 .text.LDMA_EnableChannelRequest
                0x0000235c       0x40 ./gecko_sdk_4.4.2/platform/emlib/src/em_ldma.o
                0x0000235c                LDMA_EnableChannelRequest
 .text.LDMA_Init
                0x0000239c       0x94 ./gecko_sdk_4.4.2/platform/emlib/src/em_ldma.o
                0x0000239c                LDMA_Init
 .text.LDMA_StartTransfer
                0x00002430      0x100 ./gecko_sdk_4.4.2/platform/emlib/src/em_ldma.o
                0x00002430                LDMA_StartTransfer
 .text.LDMA_StopTransfer
                0x00002530       0x38 ./gecko_sdk_4.4.2/platform/emlib/src/em_ldma.o
                0x00002530                LDMA_StopTransfer
 .text.LDMA_TransferDone
                0x00002568       0x44 ./gecko_sdk_4.4.2/platform/emlib/src/em_ldma.o
                0x00002568                LDMA_TransferDone
 .text.SYSTEM_GetProdRev
                0x000025ac       0x10 ./gecko_sdk_4.4.2/platform/emlib/src/em_system.o
                0x000025ac                SYSTEM_GetProdRev
 .text.TIMER_Valid
                0x000025bc       0x34 ./gecko_sdk_4.4.2/platform/emlib/src/em_timer.o
 .text.timerPrsConfig
                0x000025f0       0x70 ./gecko_sdk_4.4.2/platform/emlib/src/em_timer.o
 .text.TIMER_Init
                0x00002660       0x90 ./gecko_sdk_4.4.2/platform/emlib/src/em_timer.o
                0x00002660                TIMER_Init
 .text.TIMER_InitCC
                0x000026f0       0xa4 ./gecko_sdk_4.4.2/platform/emlib/src/em_timer.o
                0x000026f0                TIMER_InitCC
 .text.USART_BaudrateAsyncSet
                0x00002794       0xe0 ./gecko_sdk_4.4.2/platform/emlib/src/em_usart.o
                0x00002794                USART_BaudrateAsyncSet
 .text.USART_BaudrateSyncSet
                0x00002874       0x48 ./gecko_sdk_4.4.2/platform/emlib/src/em_usart.o
                0x00002874                USART_BaudrateSyncSet
 .text.USART_Enable
                0x000028bc       0x44 ./gecko_sdk_4.4.2/platform/emlib/src/em_usart.o
                0x000028bc                USART_Enable
 .text.USART_Reset
                0x00002900       0x70 ./gecko_sdk_4.4.2/platform/emlib/src/em_usart.o
                0x00002900                USART_Reset
 .text.USART_InitAsync
                0x00002970      0x124 ./gecko_sdk_4.4.2/platform/emlib/src/em_usart.o
                0x00002970                USART_InitAsync
 .text.USART_InitSync
                0x00002a94       0xcc ./gecko_sdk_4.4.2/platform/emlib/src/em_usart.o
                0x00002a94                USART_InitSync
 .text.sl_device_init_dcdc
                0x00002b60       0x20 ./gecko_sdk_4.4.2/platform/service/device_init/src/sl_device_init_dcdc_s2.o
                0x00002b60                sl_device_init_dcdc
 .text.sl_device_init_emu
                0x00002b80       0x24 ./gecko_sdk_4.4.2/platform/service/device_init/src/sl_device_init_emu_s2.o
                0x00002b80                sl_device_init_emu
 .text.sl_device_init_hfxo
                0x00002ba4       0x70 ./gecko_sdk_4.4.2/platform/service/device_init/src/sl_device_init_hfxo_s2.o
                0x00002ba4                sl_device_init_hfxo
 .text.sl_device_init_lfxo
                0x00002c14       0x2c ./gecko_sdk_4.4.2/platform/service/device_init/src/sl_device_init_lfxo_s2.o
                0x00002c14                sl_device_init_lfxo
 .text.sl_device_init_nvic
                0x00002c40       0x3c ./gecko_sdk_4.4.2/platform/service/device_init/src/sl_device_init_nvic.o
                0x00002c40                sl_device_init_nvic
 .text.sl_iostream_set_default
                0x00002c7c       0x18 ./gecko_sdk_4.4.2/platform/service/iostream/src/sl_iostream.o
                0x00002c7c                sl_iostream_set_default
 .text.sl_iostream_get_default
                0x00002c94       0x18 ./gecko_sdk_4.4.2/platform/service/iostream/src/sl_iostream.o
                0x00002c94                sl_iostream_get_default
 .text.get_write_ptr
                0x00002cac       0x40 ./gecko_sdk_4.4.2/platform/service/iostream/src/sl_iostream_uart.o
 .text.dma_irq_handler
                0x00002cec       0x74 ./gecko_sdk_4.4.2/platform/service/iostream/src/sl_iostream_uart.o
 .text.uart_read
                0x00002d60      0x1f4 ./gecko_sdk_4.4.2/platform/service/iostream/src/sl_iostream_uart.o
 .text.uart_deinit
                0x00002f54       0x98 ./gecko_sdk_4.4.2/platform/service/iostream/src/sl_iostream_uart.o
 .text.uart_write
                0x00002fec       0xc0 ./gecko_sdk_4.4.2/platform/service/iostream/src/sl_iostream_uart.o
 .text.sli_iostream_uart_context_init
                0x000030ac       0xf8 ./gecko_sdk_4.4.2/platform/service/iostream/src/sl_iostream_uart.o
                0x000030ac                sli_iostream_uart_context_init
 .text.sl_iostream_usart_init
                0x000031a4      0x174 ./gecko_sdk_4.4.2/platform/service/iostream/src/sl_iostream_usart.o
                0x000031a4                sl_iostream_usart_init
 .text.sl_udelay_wait
                0x00003318       0x58 ./gecko_sdk_4.4.2/platform/service/udelay/src/sl_udelay.o
                0x00003318                sl_udelay_wait
 .text._vsnprintf
                0x00003370      0x528 ./gecko_sdk_4.4.2/util/third_party/printf/printf.o
 .text.printf   0x00003898       0x28 ./gecko_sdk_4.4.2/util/third_party/printf/printf.o
                0x00003898                printf
 .text          0x000038c0      0x378 c:/siliconlabs/simplicitystudio/v5/developer/toolchains/gnu_arm/12.2.rel1_2023.7/bin/../lib/gcc/arm-none-eabi/12.2.1/thumb/v8-m.main+fp/hard\libgcc.a(_arm_addsubdf3.o)
                0x000038c0                __aeabi_drsub
                0x000038c8                __aeabi_dsub
                0x000038c8                __subdf3
                0x000038cc                __aeabi_dadd
                0x000038cc                __adddf3
                0x00003b44                __floatunsidf
                0x00003b44                __aeabi_ui2d
                0x00003b64                __floatsidf
                0x00003b64                __aeabi_i2d
                0x00003b88                __aeabi_f2d
                0x00003b88                __extendsfdf2
                0x00003bcc                __floatundidf
                0x00003bcc                __aeabi_ul2d
                0x00003bdc                __floatdidf
                0x00003bdc                __aeabi_l2d
 .text          0x00003c38      0x424 c:/siliconlabs/simplicitystudio/v5/developer/toolchains/gnu_arm/12.2.rel1_2023.7/bin/../lib/gcc/arm-none-eabi/12.2.1/thumb/v8-m.main+fp/hard\libgcc.a(_arm_muldivdf3.o)
                0x00003c38                __aeabi_dmul
                0x00003c38                __muldf3
                0x00003e8c                __divdf3
                0x00003e8c                __aeabi_ddiv
 .text          0x0000405c      0x110 c:/siliconlabs/simplicitystudio/v5/developer/toolchains/gnu_arm/12.2.rel1_2023.7/bin/../lib/gcc/arm-none-eabi/12.2.1/thumb/v8-m.main+fp/hard\libgcc.a(_arm_cmpdf2.o)
                0x0000405c                __gtdf2
                0x0000405c                __gedf2
                0x00004064                __ltdf2
                0x00004064                __ledf2
                0x0000406c                __nedf2
                0x0000406c                __eqdf2
                0x0000406c                __cmpdf2
                0x000040e8                __aeabi_cdrcmple
                0x000040f8                __aeabi_cdcmpeq
                0x000040f8                __aeabi_cdcmple
                0x00004108                __aeabi_dcmpeq
                0x0000411c                __aeabi_dcmplt
                0x00004130                __aeabi_dcmple
                0x00004144                __aeabi_dcmpge
                0x00004158                __aeabi_dcmpgt
 .text          0x0000416c       0x50 c:/siliconlabs/simplicitystudio/v5/developer/toolchains/gnu_arm/12.2.rel1_2023.7/bin/../lib/gcc/arm-none-eabi/12.2.1/thumb/v8-m.main+fp/hard\libgcc.a(_arm_fixdfsi.o)
                0x0000416c                __aeabi_d2iz
                0x0000416c                __fixdfsi
 .text          0x000041bc       0x40 c:/siliconlabs/simplicitystudio/v5/developer/toolchains/gnu_arm/12.2.rel1_2023.7/bin/../lib/gcc/arm-none-eabi/12.2.1/thumb/v8-m.main+fp/hard\libgcc.a(_arm_fixunsdfsi.o)
                0x000041bc                __aeabi_d2uiz
                0x000041bc                __fixunsdfsi
 .text          0x000041fc       0x30 c:/siliconlabs/simplicitystudio/v5/developer/toolchains/gnu_arm/12.2.rel1_2023.7/bin/../lib/gcc/arm-none-eabi/12.2.1/thumb/v8-m.main+fp/hard\libgcc.a(_aeabi_uldivmod.o)
                0x000041fc                __aeabi_uldivmod
 .text.__udivmoddi4
                0x0000422c      0x2ec c:/siliconlabs/simplicitystudio/v5/developer/toolchains/gnu_arm/12.2.rel1_2023.7/bin/../lib/gcc/arm-none-eabi/12.2.1/thumb/v8-m.main+fp/hard\libgcc.a(_udivmoddi4.o)
                0x0000422c                __udivmoddi4
 .text          0x00004518        0x4 c:/siliconlabs/simplicitystudio/v5/developer/toolchains/gnu_arm/12.2.rel1_2023.7/bin/../lib/gcc/arm-none-eabi/12.2.1/thumb/v8-m.main+fp/hard\libgcc.a(_dvmd_tls.o)
                0x00004518                __aeabi_idiv0
                0x00004518                __aeabi_ldiv0
 .text.exit     0x0000451c       0x24 c:/siliconlabs/simplicitystudio/v5/developer/toolchains/gnu_arm/12.2.rel1_2023.7/bin/../lib/gcc/arm-none-eabi/12.2.1/thumb/v8-m.main+fp/hard\libc_nano.a(libc_a-exit.o)
                0x0000451c                exit
 .text.__libc_init_array
                0x00004540       0x48 c:/siliconlabs/simplicitystudio/v5/developer/toolchains/gnu_arm/12.2.rel1_2023.7/bin/../lib/gcc/arm-none-eabi/12.2.1/thumb/v8-m.main+fp/hard\libc_nano.a(libc_a-init.o)
                0x00004540                __libc_init_array
 .text.initCMU  0x00004588       0x16 ./app.o
                0x00004588                initCMU
 .text.app_process_action
                0x0000459e        0x2 ./app.o
                0x0000459e                app_process_action
 .text.startup.main
                0x000045a0       0x14 ./main.o
                0x000045a0                main
 .text.sl_board_default_init
                0x000045b4        0x4 ./autogen/sl_board_default_init.o
                0x000045b4                sl_board_default_init
 .text.sl_driver_init
                0x000045b8        0xe ./autogen/sl_event_handler.o
                0x000045b8                sl_driver_init
 .text.sl_service_init
                0x000045c6        0xe ./autogen/sl_event_handler.o
                0x000045c6                sl_service_init
 .text.sl_stack_init
                0x000045d4        0x2 ./autogen/sl_event_handler.o
                0x000045d4                sl_stack_init
 .text.sl_internal_app_init
                0x000045d6        0x2 ./autogen/sl_event_handler.o
                0x000045d6                sl_internal_app_init
 .text.sl_platform_process_action
                0x000045d8        0x2 ./autogen/sl_event_handler.o
                0x000045d8                sl_platform_process_action
 .text.sl_service_process_action
                0x000045da        0x2 ./autogen/sl_event_handler.o
                0x000045da                sl_service_process_action
 .text.sl_stack_process_action
                0x000045dc        0x2 ./autogen/sl_event_handler.o
                0x000045dc                sl_stack_process_action
 .text.sl_internal_app_process_action
                0x000045de        0x2 ./autogen/sl_event_handler.o
                0x000045de                sl_internal_app_process_action
 .text.USART1_TX_IRQHandler
                0x000045e0        0x4 ./autogen/sl_iostream_init_usart_instances.o
                0x000045e0                USART1_TX_IRQHandler
 .text.sl_board_enable_vcom
                0x000045e4       0x12 ./gecko_sdk_4.4.2/hardware/board/src/sl_board_control_gpio.o
                0x000045e4                sl_board_enable_vcom
 .text.sl_board_configure_vcom
                0x000045f6        0x4 ./gecko_sdk_4.4.2/hardware/board/src/sl_board_control_gpio.o
                0x000045f6                sl_board_configure_vcom
 .text.sl_board_disable_vcom
                0x000045fa       0x12 ./gecko_sdk_4.4.2/hardware/board/src/sl_board_control_gpio.o
                0x000045fa                sl_board_disable_vcom
 .text.sl_board_init
                0x0000460c       0x16 ./gecko_sdk_4.4.2/hardware/board/src/sl_board_init.o
                0x0000460c                sl_board_init
 .text.sl_board_preinit
                0x00004622        0x8 ./gecko_sdk_4.4.2/hardware/board/src/sl_board_init.o
                0x00004622                sl_board_preinit
 .text.sli_cos_swo_itm_8_write.constprop.0.isra.0
                0x0000462a       0x78 ./gecko_sdk_4.4.2/hardware/driver/configuration_over_swo/src/sl_cos.o
 .text.sl_cos_send_config
                0x000046a2       0x12 ./gecko_sdk_4.4.2/hardware/driver/configuration_over_swo/src/sl_cos.o
                0x000046a2                sl_cos_send_config
 .text.sl_cos_config_vcom
                0x000046b4       0x1e ./gecko_sdk_4.4.2/hardware/driver/configuration_over_swo/src/sl_cos.o
                0x000046b4                sl_cos_config_vcom
 .text.Default_Handler
                0x000046d2        0x2 ./gecko_sdk_4.4.2/platform/Device/SiliconLabs/EFR32MG22/Source/startup_efr32mg22.o
                0x000046d2                ULFRCO_IRQHandler
                0x000046d2                SW2_IRQHandler
                0x000046d2                TIMER2_IRQHandler
                0x000046d2                DebugMon_Handler
                0x000046d2                PKE_IRQHandler
                0x000046d2                USART0_TX_IRQHandler
                0x000046d2                PRORTC_IRQHandler
                0x000046d2                IADC_IRQHandler
                0x000046d2                I2C0_IRQHandler
                0x000046d2                LFXO_IRQHandler
                0x000046d2                CRYPTOACC_IRQHandler
                0x000046d2                HardFault_Handler
                0x000046d2                SMU_SECURE_IRQHandler
                0x000046d2                SysTick_Handler
                0x000046d2                EMUEFP_IRQHandler
                0x000046d2                PendSV_Handler
                0x000046d2                NMI_Handler
                0x000046d2                SYNTH_IRQHandler
                0x000046d2                HFXO0_IRQHandler
                0x000046d2                I2C1_IRQHandler
                0x000046d2                PDM_IRQHandler
                0x000046d2                WDOG0_IRQHandler
                0x000046d2                TIMER3_IRQHandler
                0x000046d2                SYSCFG_IRQHandler
                0x000046d2                EMUSE_IRQHandler
                0x000046d2                EMUDG_IRQHandler
                0x000046d2                MSC_IRQHandler
                0x000046d2                DPLL0_IRQHandler
                0x000046d2                UsageFault_Handler
                0x000046d2                M33CTI1_IRQHandler
                0x000046d2                TIMER4_IRQHandler
                0x000046d2                GPIO_EVEN_IRQHandler
                0x000046d2                SW0_IRQHandler
                0x000046d2                LETIMER0_IRQHandler
                0x000046d2                TIMER1_IRQHandler
                0x000046d2                HFRCO0_IRQHandler
                0x000046d2                RFSENSE_IRQHandler
                0x000046d2                SecureFault_Handler
                0x000046d2                BUFC_IRQHandler
                0x000046d2                DCDC_IRQHandler
                0x000046d2                MODEM_IRQHandler
                0x000046d2                Default_Handler
                0x000046d2                RAC_SEQ_IRQHandler
                0x000046d2                FRC_PRI_IRQHandler
                0x000046d2                EMU_IRQHandler
                0x000046d2                SW3_IRQHandler
                0x000046d2                KERNEL0_IRQHandler
                0x000046d2                FRC_IRQHandler
                0x000046d2                KERNEL1_IRQHandler
                0x000046d2                AGC_IRQHandler
                0x000046d2                sl_app_properties
                0x000046d2                BURTC_IRQHandler
                0x000046d2                LFRCO_IRQHandler
                0x000046d2                USART0_RX_IRQHandler
                0x000046d2                MemManage_Handler
                0x000046d2                RDMAILBOX_IRQHandler
                0x000046d2                SVC_Handler
                0x000046d2                RTCC_IRQHandler
                0x000046d2                SMU_S_PRIVILEGED_IRQHandler
                0x000046d2                SW1_IRQHandler
                0x000046d2                CMU_IRQHandler
                0x000046d2                RAC_RSM_IRQHandler
                0x000046d2                EUART0_TX_IRQHandler
                0x000046d2                EUART0_RX_IRQHandler
                0x000046d2                GPIO_ODD_IRQHandler
                0x000046d2                AES_IRQHandler
                0x000046d2                M33CTI0_IRQHandler
                0x000046d2                ICACHE0_IRQHandler
                0x000046d2                SMU_NS_PRIVILEGED_IRQHandler
                0x000046d2                PROTIMER_IRQHandler
                0x000046d2                BusFault_Handler
                0x000046d2                TRNG_IRQHandler
 .text.FlashToRamCopy
                0x000046d4       0x16 ./gecko_sdk_4.4.2/platform/Device/SiliconLabs/EFR32MG22/Source/system_efr32mg22.o
                0x000046d4                FlashToRamCopy
 .text.SystemCLKIN0Get
                0x000046ea        0x4 ./gecko_sdk_4.4.2/platform/Device/SiliconLabs/EFR32MG22/Source/system_efr32mg22.o
                0x000046ea                SystemCLKIN0Get
 .text.SystemLFRCOClockGet
                0x000046ee        0x6 ./gecko_sdk_4.4.2/platform/Device/SiliconLabs/EFR32MG22/Source/system_efr32mg22.o
                0x000046ee                SystemLFRCOClockGet
 .text.SystemULFRCOClockGet
                0x000046f4        0x6 ./gecko_sdk_4.4.2/platform/Device/SiliconLabs/EFR32MG22/Source/system_efr32mg22.o
                0x000046f4                SystemULFRCOClockGet
 .text.assertEFM
                0x000046fa        0x2 ./gecko_sdk_4.4.2/platform/common/src/sl_assert.o
                0x000046fa                assertEFM
 .text._exit    0x000046fc        0x2 ./gecko_sdk_4.4.2/platform/common/src/sl_syscalls.o
                0x000046fc                _exit
 .text.sl_debug_swo_enable_itm
                0x000046fe       0x16 ./gecko_sdk_4.4.2/platform/driver/debug/src/sl_debug_swo.o
                0x000046fe                sl_debug_swo_enable_itm
 .text.sl_debug_swo_disable_itm
                0x00004714       0x18 ./gecko_sdk_4.4.2/platform/driver/debug/src/sl_debug_swo.o
                0x00004714                sl_debug_swo_disable_itm
 .text.DMADRV_PeripheralMemory
                0x0000472c       0x34 ./gecko_sdk_4.4.2/platform/emdrv/dmadrv/src/dmadrv.o
                0x0000472c                DMADRV_PeripheralMemory
 .text.waitStateMax
                0x00004760       0x10 ./gecko_sdk_4.4.2/platform/emlib/src/em_cmu.o
 .text.CMU_UpdateWaitStates
                0x00004770        0xc ./gecko_sdk_4.4.2/platform/emlib/src/em_cmu.o
                0x00004770                CMU_UpdateWaitStates
 .text.pclkDivMax
                0x0000477c        0xa ./gecko_sdk_4.4.2/platform/emlib/src/em_cmu.o
 .text.sli_em_cmu_SYSCLKInitPostClockSelect
                0x00004786       0x2a ./gecko_sdk_4.4.2/platform/emlib/src/em_cmu.o
                0x00004786                sli_em_cmu_SYSCLKInitPostClockSelect
 .text.CORE_EnterCritical
                0x000047b0        0x8 ./gecko_sdk_4.4.2/platform/emlib/src/em_core.o
                0x000047b0                CORE_EnterCritical
 .text.CORE_ExitCritical
                0x000047b8        0x6 ./gecko_sdk_4.4.2/platform/emlib/src/em_core.o
                0x000047b8                CORE_ExitCritical
 .text.CORE_EnterAtomic
                0x000047be        0xc ./gecko_sdk_4.4.2/platform/emlib/src/em_core.o
                0x000047be                CORE_EnterAtomic
 .text.CORE_ExitAtomic
                0x000047ca        0x6 ./gecko_sdk_4.4.2/platform/emlib/src/em_core.o
                0x000047ca                CORE_ExitAtomic
 .text.EMU_EFPEM01VScale
                0x000047d0        0x2 ./gecko_sdk_4.4.2/platform/emlib/src/em_emu.o
                0x000047d0                EMU_EFPEM01VScale
 .text.EMU_DCDCUpdatedHook
                0x000047d2        0x2 ./gecko_sdk_4.4.2/platform/emlib/src/em_emu.o
                0x000047d2                EMU_DCDCUpdatedHook
 .text.BUS_RegMaskedWrite
                0x000047d4       0x1e ./gecko_sdk_4.4.2/platform/emlib/src/em_gpio.o
 .text.GPIO_DbgLocationSet
                0x000047f2        0x2 ./gecko_sdk_4.4.2/platform/emlib/src/em_gpio.o
                0x000047f2                GPIO_DbgLocationSet
 .text.TIMER_SyncWait
                0x000047f4        0xe ./gecko_sdk_4.4.2/platform/emlib/src/em_timer.o
                0x000047f4                TIMER_SyncWait
 .text.USART_SpiTransfer
                0x00004802       0x14 ./gecko_sdk_4.4.2/platform/emlib/src/em_usart.o
                0x00004802                USART_SpiTransfer
 .text.USART_Tx
                0x00004816        0xa ./gecko_sdk_4.4.2/platform/emlib/src/em_usart.o
                0x00004816                USART_Tx
 .text.sl_iostream_write
                0x00004820       0x22 ./gecko_sdk_4.4.2/platform/service/iostream/src/sl_iostream.o
                0x00004820                sl_iostream_write
 .text.sl_iostream_putchar
                0x00004842       0x16 ./gecko_sdk_4.4.2/platform/service/iostream/src/sl_iostream.o
                0x00004842                sl_iostream_putchar
 .text.set_auto_cr_lf
                0x00004858        0x6 ./gecko_sdk_4.4.2/platform/service/iostream/src/sl_iostream_uart.o
 .text.get_auto_cr_lf
                0x0000485e        0x6 ./gecko_sdk_4.4.2/platform/service/iostream/src/sl_iostream_uart.o
 .text.usart_set_next_byte_detect
                0x00004864        0xc ./gecko_sdk_4.4.2/platform/service/iostream/src/sl_iostream_usart.o
 .text.usart_deinit
                0x00004870       0x78 ./gecko_sdk_4.4.2/platform/service/iostream/src/sl_iostream_usart.o
 .text.usart_tx
                0x000048e8        0xc ./gecko_sdk_4.4.2/platform/service/iostream/src/sl_iostream_usart.o
 .text.sl_iostream_usart_irq_handler
                0x000048f4       0x70 ./gecko_sdk_4.4.2/platform/service/iostream/src/sl_iostream_usart.o
                0x000048f4                sl_iostream_usart_irq_handler
 .text.sl_system_init
                0x00004964       0x1a ./gecko_sdk_4.4.2/platform/service/system/src/sl_system_init.o
                0x00004964                sl_system_init
 .text.sl_system_process_action
                0x0000497e       0x16 ./gecko_sdk_4.4.2/platform/service/system/src/sl_system_process_action.o
                0x0000497e                sl_system_process_action
 .text._out_null
                0x00004994        0x2 ./gecko_sdk_4.4.2/util/third_party/printf/printf.o
 .text._out_rev
                0x00004996       0x88 ./gecko_sdk_4.4.2/util/third_party/printf/printf.o
 .text._ntoa_format
                0x00004a1e      0x138 ./gecko_sdk_4.4.2/util/third_party/printf/printf.o
 .text._ntoa_long
                0x00004b56       0x86 ./gecko_sdk_4.4.2/util/third_party/printf/printf.o
 .text._ntoa_long_long
                0x00004bdc       0x9e ./gecko_sdk_4.4.2/util/third_party/printf/printf.o
 .text._out_char
                0x00004c7a        0x8 ./gecko_sdk_4.4.2/util/third_party/printf/printf.o
 .text._putchar
                0x00004c82        0x8 ./gecko_sdk_4.4.2/util/third_party/printf/src/iostream_printf.o
                0x00004c82                _putchar
 .text.memset   0x00004c8a       0x10 c:/siliconlabs/simplicitystudio/v5/developer/toolchains/gnu_arm/12.2.rel1_2023.7/bin/../lib/gcc/arm-none-eabi/12.2.1/thumb/v8-m.main+fp/hard\libc_nano.a(libc_a-memset.o)
                0x00004c8a                memset
 .text.memcpy   0x00004c9a       0x1a c:/siliconlabs/simplicitystudio/v5/developer/toolchains/gnu_arm/12.2.rel1_2023.7/bin/../lib/gcc/arm-none-eabi/12.2.1/thumb/v8-m.main+fp/hard\libc_nano.a(libc_a-memcpy-stub.o)
                0x00004c9a                memcpy
                0x00004cc0                . = ALIGN (0x20)
 *fill*         0x00004cb4        0xc 
                0x00004cc0                linker_code_end = .
 *(.init)
 .init          0x00004cc0        0x4 c:/siliconlabs/simplicitystudio/v5/developer/toolchains/gnu_arm/12.2.rel1_2023.7/bin/../lib/gcc/arm-none-eabi/12.2.1/thumb/v8-m.main+fp/hard/crti.o
                0x00004cc0                _init
 .init          0x00004cc4        0x8 c:/siliconlabs/simplicitystudio/v5/developer/toolchains/gnu_arm/12.2.rel1_2023.7/bin/../lib/gcc/arm-none-eabi/12.2.1/thumb/v8-m.main+fp/hard/crtn.o
 *(.fini)
 .fini          0x00004ccc        0x4 c:/siliconlabs/simplicitystudio/v5/developer/toolchains/gnu_arm/12.2.rel1_2023.7/bin/../lib/gcc/arm-none-eabi/12.2.1/thumb/v8-m.main+fp/hard/crti.o
                0x00004ccc                _fini
 .fini          0x00004cd0        0x8 c:/siliconlabs/simplicitystudio/v5/developer/toolchains/gnu_arm/12.2.rel1_2023.7/bin/../lib/gcc/arm-none-eabi/12.2.1/thumb/v8-m.main+fp/hard/crtn.o
 *crtbegin.o(.ctors)
 *crtbegin?.o(.ctors)
 *(EXCLUDE_FILE(*crtend.o *crtend?.o) .ctors)
 *(SORT_BY_NAME(.ctors.*))
 *(.ctors)
 *crtbegin.o(.dtors)
 *crtbegin?.o(.dtors)
 *(EXCLUDE_FILE(*crtend.o *crtend?.o) .dtors)
 *(SORT_BY_NAME(.dtors.*))
 *(.dtors)
                0x00004cd8                __code_classification_validator_start__ = .
                0x00004cf8                . = (. + 0x20)
 *fill*         0x00004cd8       0x20 
 *(code_classification_validator)
                0x00004d00                . = ALIGN (0x20)
 *fill*         0x00004cf8        0x8 
                0x00004d00                __code_classification_validator_end__ = .
 *(.rodata*)
 .rodata.TIMER0_IRQHandler.str1.1
                0x00004d00       0x10 ./app.o
 .rodata.app_init.str1.1
                0x00004d10       0x34 ./app.o
 .rodata.sl_iostream_usart_init_vcom.str1.1
                0x00004d44       0x2e ./autogen/sl_iostream_init_usart_instances.o
 *fill*         0x00004d72        0x2 
 .rodata        0x00004d74       0x1c ./autogen/sl_iostream_init_usart_instances.o
 .rodata        0x00004d90       0x1c ./gecko_sdk_4.4.2/hardware/driver/mx25_flash_shutdown/src/sl_mx25_flash_shutdown_usart/sl_mx25_flash_shutdown.o
 .rodata        0x00004dac        0x4 ./gecko_sdk_4.4.2/platform/emdrv/dmadrv/src/dmadrv.o
 .rodata.HFRCODPLLDevinfoGet.str1.1
                0x00004db0       0x2f ./gecko_sdk_4.4.2/platform/emlib/src/em_cmu.o
 .rodata.EMU_VScaleEM01.str1.1
                0x00004ddf       0x2f ./gecko_sdk_4.4.2/platform/emlib/src/em_emu.o
 .rodata.GPIO_PinOutSet.str1.1
                0x00004e0e       0x68 ./gecko_sdk_4.4.2/platform/emlib/src/em_gpio.o
 .rodata.GPIO_ExtIntConfig.str1.1
                0x00004e76       0x30 ./gecko_sdk_4.4.2/platform/emlib/src/em_gpio.o
 .rodata.CSWTCH.31
                0x00004ea6        0x8 ./gecko_sdk_4.4.2/platform/emlib/src/em_gpio.o
 .rodata.LDMA_EnableChannelRequest.str1.1
                0x00004eae       0x97 ./gecko_sdk_4.4.2/platform/emlib/src/em_ldma.o
 .rodata.timerPrsConfig.str1.1
                0x00004f45       0x31 ./gecko_sdk_4.4.2/platform/emlib/src/em_timer.o
 .rodata.USART_BaudrateAsyncSet.str1.1
                0x00004f76       0x31 ./gecko_sdk_4.4.2/platform/emlib/src/em_usart.o
 .rodata        0x00004fa7        0x8 ./gecko_sdk_4.4.2/platform/service/device_init/src/sl_device_init_dcdc_s2.o
 *fill*         0x00004faf        0x1 
 .rodata        0x00004fb0       0x28 ./gecko_sdk_4.4.2/platform/service/device_init/src/sl_device_init_hfxo_s2.o
 .rodata        0x00004fd8       0x14 ./gecko_sdk_4.4.2/platform/service/device_init/src/sl_device_init_lfxo_s2.o
 .rodata.get_write_ptr.str1.1
                0x00004fec       0x44 ./gecko_sdk_4.4.2/platform/service/iostream/src/sl_iostream_uart.o
 .rodata.sl_udelay_wait.str1.1
                0x00005030       0x3b ./gecko_sdk_4.4.2/platform/service/udelay/src/sl_udelay.o
 .rodata._ftoa.str1.1
                0x0000506b       0x12 ./gecko_sdk_4.4.2/util/third_party/printf/printf.o
 *fill*         0x0000507d        0x3 
 .rodata.pow10.0
                0x00005080       0x50 ./gecko_sdk_4.4.2/util/third_party/printf/printf.o
 *(.eh_frame*)
 .eh_frame      0x000050d0        0x0 c:/siliconlabs/simplicitystudio/v5/developer/toolchains/gnu_arm/12.2.rel1_2023.7/bin/../lib/gcc/arm-none-eabi/12.2.1/thumb/v8-m.main+fp/hard/crtbegin.o

.glue_7         0x000050d0        0x0
 .glue_7        0x000050d0        0x0 linker stubs

.glue_7t        0x000050d0        0x0
 .glue_7t       0x000050d0        0x0 linker stubs

.vfp11_veneer   0x000050d0        0x0
 .vfp11_veneer  0x000050d0        0x0 linker stubs

.v4_bx          0x000050d0        0x0
 .v4_bx         0x000050d0        0x0 linker stubs

.iplt           0x000050d0        0x0
 .iplt          0x000050d0        0x0 c:/siliconlabs/simplicitystudio/v5/developer/toolchains/gnu_arm/12.2.rel1_2023.7/bin/../lib/gcc/arm-none-eabi/12.2.1/thumb/v8-m.main+fp/hard/crtbegin.o

.ARM.extab
 *(.ARM.extab* .gnu.linkonce.armextab.*)
                0x000050d0                __exidx_start = .

.ARM.exidx      0x000050d0        0x8
 *(.ARM.exidx* .gnu.linkonce.armexidx.*)
 .ARM.exidx     0x000050d0        0x8 c:/siliconlabs/simplicitystudio/v5/developer/toolchains/gnu_arm/12.2.rel1_2023.7/bin/../lib/gcc/arm-none-eabi/12.2.1/thumb/v8-m.main+fp/hard/crt0.o
                                 0x10 (size before relaxing)
 .ARM.exidx.text.__udivmoddi4
                0x000050d8        0x0 c:/siliconlabs/simplicitystudio/v5/developer/toolchains/gnu_arm/12.2.rel1_2023.7/bin/../lib/gcc/arm-none-eabi/12.2.1/thumb/v8-m.main+fp/hard\libgcc.a(_udivmoddi4.o)
                                  0x8 (size before relaxing)
                0x000050d8                __exidx_end = .

.rel.dyn        0x000050d8        0x0
 .rel.iplt      0x000050d8        0x0 c:/siliconlabs/simplicitystudio/v5/developer/toolchains/gnu_arm/12.2.rel1_2023.7/bin/../lib/gcc/arm-none-eabi/12.2.1/thumb/v8-m.main+fp/hard/crtbegin.o

.copy.table     0x000050d8        0xc
                0x000050d8                . = ALIGN (0x4)
                0x000050d8                __copy_table_start__ = .
                0x000050d8        0x4 LONG 0x50e4 __etext
                0x000050dc        0x4 LONG 0x20001000 __data_start__
                0x000050e0        0x4 LONG 0x7 ((__data_end__ - __data_start__) / 0x4)
                0x000050e4                __copy_table_end__ = .

.zero.table     0x000050e4        0x0
                0x000050e4                . = ALIGN (0x4)
                0x000050e4                __zero_table_start__ = .
                0x000050e4                __zero_table_end__ = .
                0x000050e4                __etext = .
                0x20000000                . = ORIGIN (RAM)

.stack          0x20000000     0x1000
                0x20000000                __StackLimit = .
 *(.stack*)
 .stack         0x20000000     0x1000 ./gecko_sdk_4.4.2/platform/common/toolchain/src/sl_memory.o
                0x20001000                . = ALIGN (0x4)
                0x20001000                __StackTop = .
                0x20001000                PROVIDE (__stack = __StackTop)

.noinit
 *(.noinit*)

.data           0x20001000       0x1c load address 0x000050e4
                0x20001000                . = ALIGN (0x4)
                0x20001000                __data_start__ = .
 *(vtable)
 *(SORT_BY_ALIGNMENT(.data*))
 .data.SystemCoreClock
                0x20001000        0x4 ./gecko_sdk_4.4.2/platform/Device/SiliconLabs/EFR32MG22/Source/system_efr32mg22.o
                0x20001000                SystemCoreClock
 .data.SystemHFRCODPLLClock
                0x20001004        0x4 ./gecko_sdk_4.4.2/platform/Device/SiliconLabs/EFR32MG22/Source/system_efr32mg22.o
 .data.SystemLFXOClock
                0x20001008        0x4 ./gecko_sdk_4.4.2/platform/Device/SiliconLabs/EFR32MG22/Source/system_efr32mg22.o
 .data.SystemHFXOClock
                0x2000100c        0x4 ./gecko_sdk_4.4.2/platform/Device/SiliconLabs/EFR32MG22/Source/system_efr32mg22.o
 .data.hfxo_precision
                0x20001010        0x2 ./gecko_sdk_4.4.2/platform/emlib/src/em_cmu.o
 .data.lfxo_precision
                0x20001012        0x2 ./gecko_sdk_4.4.2/platform/emlib/src/em_cmu.o
                0x20001014                . = ALIGN (0x4)
                [!provide]                PROVIDE (__ram_func_section_start = .)
 *(.ram)
                [!provide]                PROVIDE (__ram_func_section_end = .)
                0x20001014                . = ALIGN (0x4)
                0x20001014                PROVIDE (__preinit_array_start = .)
 *(.preinit_array)
                0x20001014                PROVIDE (__preinit_array_end = .)
                0x20001014                . = ALIGN (0x4)
                0x20001014                PROVIDE (__init_array_start = .)
 *(SORT_BY_NAME(.init_array.*))
 *(.init_array)
 .init_array    0x20001014        0x4 c:/siliconlabs/simplicitystudio/v5/developer/toolchains/gnu_arm/12.2.rel1_2023.7/bin/../lib/gcc/arm-none-eabi/12.2.1/thumb/v8-m.main+fp/hard/crtbegin.o
                0x20001018                PROVIDE (__init_array_end = .)
                0x20001018                . = ALIGN (0x4)
                [!provide]                PROVIDE (__fini_array_start = .)
 *(SORT_BY_NAME(.fini_array.*))
 *(.fini_array)
 .fini_array    0x20001018        0x4 c:/siliconlabs/simplicitystudio/v5/developer/toolchains/gnu_arm/12.2.rel1_2023.7/bin/../lib/gcc/arm-none-eabi/12.2.1/thumb/v8-m.main+fp/hard/crtbegin.o
                [!provide]                PROVIDE (__fini_array_end = .)
                0x2000101c                . = ALIGN (0x4)
                0x2000101c                __data_end__ = .

.tm_clone_table
                0x2000101c        0x0 load address 0x00005100
 .tm_clone_table
                0x2000101c        0x0 c:/siliconlabs/simplicitystudio/v5/developer/toolchains/gnu_arm/12.2.rel1_2023.7/bin/../lib/gcc/arm-none-eabi/12.2.1/thumb/v8-m.main+fp/hard/crtbegin.o
 .tm_clone_table
                0x2000101c        0x0 c:/siliconlabs/simplicitystudio/v5/developer/toolchains/gnu_arm/12.2.rel1_2023.7/bin/../lib/gcc/arm-none-eabi/12.2.1/thumb/v8-m.main+fp/hard/crtend.o

.igot.plt       0x2000101c        0x0 load address 0x00005100
 .igot.plt      0x2000101c        0x0 c:/siliconlabs/simplicitystudio/v5/developer/toolchains/gnu_arm/12.2.rel1_2023.7/bin/../lib/gcc/arm-none-eabi/12.2.1/thumb/v8-m.main+fp/hard/crtbegin.o

.bss            0x2000101c      0x2dc load address 0x00005100
                0x2000101c                . = ALIGN (0x4)
                0x2000101c                __bss_start__ = .
 *(SORT_BY_ALIGNMENT(.bss*))
 .bss.object.0  0x2000101c       0x18 c:/siliconlabs/simplicitystudio/v5/developer/toolchains/gnu_arm/12.2.rel1_2023.7/bin/../lib/gcc/arm-none-eabi/12.2.1/thumb/v8-m.main+fp/hard/crtbegin.o
 .bss.i.0       0x20001034        0x4 ./app.o
 .bss.buffer    0x20001038       0xa8 ./app.o
 .bss.context_vcom
                0x200010e0       0x4c ./autogen/sl_iostream_init_usart_instances.o
 .bss.sl_iostream_vcom
                0x2000112c       0x18 ./autogen/sl_iostream_init_usart_instances.o
 .bss.dmaXfer   0x20001144      0x100 ./gecko_sdk_4.4.2/platform/emdrv/dmadrv/src/dmadrv.o
 .bss.chTable   0x20001244       0x80 ./gecko_sdk_4.4.2/platform/emdrv/dmadrv/src/dmadrv.o
 .bss.sli_iostream_default
                0x200012c4        0x4 ./gecko_sdk_4.4.2/platform/service/iostream/src/sl_iostream.o
 .bss.__stdio_exit_handler
                0x200012c8        0x4 c:/siliconlabs/simplicitystudio/v5/developer/toolchains/gnu_arm/12.2.rel1_2023.7/bin/../lib/gcc/arm-none-eabi/12.2.1/thumb/v8-m.main+fp/hard\libc_nano.a(libc_a-findfp.o)
                0x200012c8                __stdio_exit_handler
 .bss.completed.1
                0x200012cc        0x1 c:/siliconlabs/simplicitystudio/v5/developer/toolchains/gnu_arm/12.2.rel1_2023.7/bin/../lib/gcc/arm-none-eabi/12.2.1/thumb/v8-m.main+fp/hard/crtbegin.o
 .bss.temp      0x200012cd        0x5 ./app.o
 .bss.rx_buffer_vcom
                0x200012d2       0x20 ./autogen/sl_iostream_init_usart_instances.o
 .bss.initialized
                0x200012f2        0x1 ./gecko_sdk_4.4.2/platform/emdrv/dmadrv/src/dmadrv.o
 .bss.ctuneDelta
                0x200012f3        0x1 ./gecko_sdk_4.4.2/platform/emlib/src/em_cmu.o
 .bss.vScaleEM01Config
                0x200012f4        0x1 ./gecko_sdk_4.4.2/platform/emlib/src/em_emu.o
 *(COMMON)
                0x200012f8                . = ALIGN (0x4)
 *fill*         0x200012f5        0x3 
                0x200012f8                __bss_end__ = .
                0x200012f8                __ramfuncs_start__ = .
                0x200012f8                __vma_ramfuncs_start__ = .
                0x00005100                __lma_ramfuncs_start__ = (__etext + SIZEOF (.data))
                0x00000000                __text_application_ram_offset__ = (. - __vma_ramfuncs_start__)

text_application_ram
                0x200012f8        0x0 load address 0x00005100
                0x200012f8                . = ALIGN (0x4)
                0x200012f8                __text_application_ram_start__ = .
 *(text_application_ram)
                0x200012f8                . = ALIGN (0x4)
                0x200012f8                __text_application_ram_end__ = .
                0x200012f8                . = ALIGN (0x4)
                0x200012f8                __vma_ramfuncs_end__ = .
                0x00005100                __lma_ramfuncs_end__ = ((__lma_ramfuncs_start__ + __text_application_ram_offset__) + SIZEOF (text_application_ram))
                0x200012f8                __ramfuncs_end__ = .

.heap           0x200012f8      0x800
                0x200012f8                __HeapBase = .
                0x200012f8                __end__ = .
                0x200012f8                end = __end__
                0x200012f8                _end = __end__
 *(.heap*)
 .heap          0x200012f8      0x800 ./gecko_sdk_4.4.2/platform/common/toolchain/src/sl_memory.o
                0x20008000                __HeapLimit = (ORIGIN (RAM) + LENGTH (RAM))
                0x00006d08                __heap_size = (__HeapLimit - __HeapBase)
                0x20008000                __ram_end__ = 0x20008000
                0x0007e000                __main_flash_end__ = 0x7e000

.internal_storage
 *(.internal_storage*)

.nvm
 *(.simee*)
                0x0007e000                linker_nvm_end = __main_flash_end__
                0x0007e000                linker_nvm_begin = (linker_nvm_end - SIZEOF (.nvm))
                0x00000000                linker_nvm_size = SIZEOF (.nvm)
                0x0007e000                linker_storage_end = linker_nvm_begin
                0x0007e000                __nvm3Base = linker_nvm_begin
                0x0007e000                linker_storage_begin = (linker_storage_end - SIZEOF (.internal_storage))
                0x00000000                linker_storage_size = SIZEOF (.internal_storage)
                0x00000001                ASSERT ((linker_storage_begin >= (__etext + SIZEOF (.data))), FLASH memory overflowed !)
OUTPUT(DHT_11_Driver.axf elf32-littlearm)
LOAD linker stubs

.ARM.attributes
                0x00000000       0x36
 .ARM.attributes
                0x00000000       0x26 c:/siliconlabs/simplicitystudio/v5/developer/toolchains/gnu_arm/12.2.rel1_2023.7/bin/../lib/gcc/arm-none-eabi/12.2.1/thumb/v8-m.main+fp/hard/crti.o
 .ARM.attributes
                0x00000026       0x38 c:/siliconlabs/simplicitystudio/v5/developer/toolchains/gnu_arm/12.2.rel1_2023.7/bin/../lib/gcc/arm-none-eabi/12.2.1/thumb/v8-m.main+fp/hard/crtbegin.o
 .ARM.attributes
                0x0000005e       0x24 c:/siliconlabs/simplicitystudio/v5/developer/toolchains/gnu_arm/12.2.rel1_2023.7/bin/../lib/gcc/arm-none-eabi/12.2.1/thumb/v8-m.main+fp/hard/crt0.o
 .ARM.attributes
                0x00000082       0x3a ./app.o
 .ARM.attributes
                0x000000bc       0x3a ./main.o
 .ARM.attributes
                0x000000f6       0x3a ./autogen/sl_board_default_init.o
 .ARM.attributes
                0x00000130       0x3a ./autogen/sl_device_init_clocks.o
 .ARM.attributes
                0x0000016a       0x3a ./autogen/sl_event_handler.o
 .ARM.attributes
                0x000001a4       0x3a ./autogen/sl_iostream_init_usart_instances.o
 .ARM.attributes
                0x000001de       0x3a ./gecko_sdk_4.4.2/hardware/board/src/sl_board_control_gpio.o
 .ARM.attributes
                0x00000218       0x3a ./gecko_sdk_4.4.2/hardware/board/src/sl_board_init.o
 .ARM.attributes
                0x00000252       0x3a ./gecko_sdk_4.4.2/hardware/driver/configuration_over_swo/src/sl_cos.o
 .ARM.attributes
                0x0000028c       0x3a ./gecko_sdk_4.4.2/hardware/driver/mx25_flash_shutdown/src/sl_mx25_flash_shutdown_usart/sl_mx25_flash_shutdown.o
 .ARM.attributes
                0x000002c6       0x3a ./gecko_sdk_4.4.2/platform/Device/SiliconLabs/EFR32MG22/Source/startup_efr32mg22.o
 .ARM.attributes
                0x00000300       0x3a ./gecko_sdk_4.4.2/platform/Device/SiliconLabs/EFR32MG22/Source/system_efr32mg22.o
 .ARM.attributes
                0x0000033a       0x3a ./gecko_sdk_4.4.2/platform/common/src/sl_assert.o
 .ARM.attributes
                0x00000374       0x3a ./gecko_sdk_4.4.2/platform/common/src/sl_syscalls.o
 .ARM.attributes
                0x000003ae       0x3a ./gecko_sdk_4.4.2/platform/common/toolchain/src/sl_memory.o
 .ARM.attributes
                0x000003e8       0x3a ./gecko_sdk_4.4.2/platform/driver/debug/src/sl_debug_swo.o
 .ARM.attributes
                0x00000422       0x3a ./gecko_sdk_4.4.2/platform/emdrv/dmadrv/src/dmadrv.o
 .ARM.attributes
                0x0000045c       0x3a ./gecko_sdk_4.4.2/platform/emlib/src/em_cmu.o
 .ARM.attributes
                0x00000496       0x3a ./gecko_sdk_4.4.2/platform/emlib/src/em_core.o
 .ARM.attributes
                0x000004d0       0x3a ./gecko_sdk_4.4.2/platform/emlib/src/em_emu.o
 .ARM.attributes
                0x0000050a       0x3a ./gecko_sdk_4.4.2/platform/emlib/src/em_gpio.o
 .ARM.attributes
                0x00000544       0x3a ./gecko_sdk_4.4.2/platform/emlib/src/em_ldma.o
 .ARM.attributes
                0x0000057e       0x3a ./gecko_sdk_4.4.2/platform/emlib/src/em_system.o
 .ARM.attributes
                0x000005b8       0x3a ./gecko_sdk_4.4.2/platform/emlib/src/em_timer.o
 .ARM.attributes
                0x000005f2       0x3a ./gecko_sdk_4.4.2/platform/emlib/src/em_usart.o
 .ARM.attributes
                0x0000062c       0x3a ./gecko_sdk_4.4.2/platform/service/device_init/src/sl_device_init_dcdc_s2.o
 .ARM.attributes
                0x00000666       0x3a ./gecko_sdk_4.4.2/platform/service/device_init/src/sl_device_init_emu_s2.o
 .ARM.attributes
                0x000006a0       0x3a ./gecko_sdk_4.4.2/platform/service/device_init/src/sl_device_init_hfxo_s2.o
 .ARM.attributes
                0x000006da       0x3a ./gecko_sdk_4.4.2/platform/service/device_init/src/sl_device_init_lfxo_s2.o
 .ARM.attributes
                0x00000714       0x3a ./gecko_sdk_4.4.2/platform/service/device_init/src/sl_device_init_nvic.o
 .ARM.attributes
                0x0000074e       0x3a ./gecko_sdk_4.4.2/platform/service/iostream/src/sl_iostream.o
 .ARM.attributes
                0x00000788       0x3a ./gecko_sdk_4.4.2/platform/service/iostream/src/sl_iostream_uart.o
 .ARM.attributes
                0x000007c2       0x3a ./gecko_sdk_4.4.2/platform/service/iostream/src/sl_iostream_usart.o
 .ARM.attributes
                0x000007fc       0x3a ./gecko_sdk_4.4.2/platform/service/system/src/sl_system_init.o
 .ARM.attributes
                0x00000836       0x3a ./gecko_sdk_4.4.2/platform/service/system/src/sl_system_process_action.o
 .ARM.attributes
                0x00000870       0x3a ./gecko_sdk_4.4.2/platform/service/udelay/src/sl_udelay.o
 .ARM.attributes
                0x000008aa       0x26 ./gecko_sdk_4.4.2/platform/service/udelay/src/sl_udelay_armv6m_gcc.o
 .ARM.attributes
                0x000008d0       0x3a ./gecko_sdk_4.4.2/util/third_party/printf/printf.o
 .ARM.attributes
                0x0000090a       0x3a ./gecko_sdk_4.4.2/util/third_party/printf/src/iostream_printf.o
 .ARM.attributes
                0x00000944       0x26 c:/siliconlabs/simplicitystudio/v5/developer/toolchains/gnu_arm/12.2.rel1_2023.7/bin/../lib/gcc/arm-none-eabi/12.2.1/thumb/v8-m.main+fp/hard\libgcc.a(_arm_addsubdf3.o)
 .ARM.attributes
                0x0000096a       0x26 c:/siliconlabs/simplicitystudio/v5/developer/toolchains/gnu_arm/12.2.rel1_2023.7/bin/../lib/gcc/arm-none-eabi/12.2.1/thumb/v8-m.main+fp/hard\libgcc.a(_arm_muldivdf3.o)
 .ARM.attributes
                0x00000990       0x26 c:/siliconlabs/simplicitystudio/v5/developer/toolchains/gnu_arm/12.2.rel1_2023.7/bin/../lib/gcc/arm-none-eabi/12.2.1/thumb/v8-m.main+fp/hard\libgcc.a(_arm_cmpdf2.o)
 .ARM.attributes
                0x000009b6       0x26 c:/siliconlabs/simplicitystudio/v5/developer/toolchains/gnu_arm/12.2.rel1_2023.7/bin/../lib/gcc/arm-none-eabi/12.2.1/thumb/v8-m.main+fp/hard\libgcc.a(_arm_fixdfsi.o)
 .ARM.attributes
                0x000009dc       0x26 c:/siliconlabs/simplicitystudio/v5/developer/toolchains/gnu_arm/12.2.rel1_2023.7/bin/../lib/gcc/arm-none-eabi/12.2.1/thumb/v8-m.main+fp/hard\libgcc.a(_arm_fixunsdfsi.o)
 .ARM.attributes
                0x00000a02       0x26 c:/siliconlabs/simplicitystudio/v5/developer/toolchains/gnu_arm/12.2.rel1_2023.7/bin/../lib/gcc/arm-none-eabi/12.2.1/thumb/v8-m.main+fp/hard\libgcc.a(_aeabi_uldivmod.o)
 .ARM.attributes
                0x00000a28       0x38 c:/siliconlabs/simplicitystudio/v5/developer/toolchains/gnu_arm/12.2.rel1_2023.7/bin/../lib/gcc/arm-none-eabi/12.2.1/thumb/v8-m.main+fp/hard\libgcc.a(_udivmoddi4.o)
 .ARM.attributes
                0x00000a60       0x26 c:/siliconlabs/simplicitystudio/v5/developer/toolchains/gnu_arm/12.2.rel1_2023.7/bin/../lib/gcc/arm-none-eabi/12.2.1/thumb/v8-m.main+fp/hard\libgcc.a(_dvmd_tls.o)
 .ARM.attributes
                0x00000a86       0x38 c:/siliconlabs/simplicitystudio/v5/developer/toolchains/gnu_arm/12.2.rel1_2023.7/bin/../lib/gcc/arm-none-eabi/12.2.1/thumb/v8-m.main+fp/hard\libc_nano.a(libc_a-exit.o)
 .ARM.attributes
                0x00000abe       0x38 c:/siliconlabs/simplicitystudio/v5/developer/toolchains/gnu_arm/12.2.rel1_2023.7/bin/../lib/gcc/arm-none-eabi/12.2.1/thumb/v8-m.main+fp/hard\libc_nano.a(libc_a-findfp.o)
 .ARM.attributes
                0x00000af6       0x38 c:/siliconlabs/simplicitystudio/v5/developer/toolchains/gnu_arm/12.2.rel1_2023.7/bin/../lib/gcc/arm-none-eabi/12.2.1/thumb/v8-m.main+fp/hard\libc_nano.a(libc_a-memset.o)
 .ARM.attributes
                0x00000b2e       0x38 c:/siliconlabs/simplicitystudio/v5/developer/toolchains/gnu_arm/12.2.rel1_2023.7/bin/../lib/gcc/arm-none-eabi/12.2.1/thumb/v8-m.main+fp/hard\libc_nano.a(libc_a-init.o)
 .ARM.attributes
                0x00000b66       0x38 c:/siliconlabs/simplicitystudio/v5/developer/toolchains/gnu_arm/12.2.rel1_2023.7/bin/../lib/gcc/arm-none-eabi/12.2.1/thumb/v8-m.main+fp/hard\libc_nano.a(libc_a-memcpy-stub.o)
 .ARM.attributes
                0x00000b9e       0x38 c:/siliconlabs/simplicitystudio/v5/developer/toolchains/gnu_arm/12.2.rel1_2023.7/bin/../lib/gcc/arm-none-eabi/12.2.1/thumb/v8-m.main+fp/hard/crtend.o
 .ARM.attributes
                0x00000bd6       0x26 c:/siliconlabs/simplicitystudio/v5/developer/toolchains/gnu_arm/12.2.rel1_2023.7/bin/../lib/gcc/arm-none-eabi/12.2.1/thumb/v8-m.main+fp/hard/crtn.o

.comment        0x00000000       0x45
 .comment       0x00000000       0x45 ./app.o
                                 0x46 (size before relaxing)
 .comment       0x00000045       0x46 ./main.o
 .comment       0x00000045       0x46 ./autogen/sl_board_default_init.o
 .comment       0x00000045       0x46 ./autogen/sl_device_init_clocks.o
 .comment       0x00000045       0x46 ./autogen/sl_event_handler.o
 .comment       0x00000045       0x46 ./autogen/sl_iostream_init_usart_instances.o
 .comment       0x00000045       0x46 ./gecko_sdk_4.4.2/hardware/board/src/sl_board_control_gpio.o
 .comment       0x00000045       0x46 ./gecko_sdk_4.4.2/hardware/board/src/sl_board_init.o
 .comment       0x00000045       0x46 ./gecko_sdk_4.4.2/hardware/driver/configuration_over_swo/src/sl_cos.o
 .comment       0x00000045       0x46 ./gecko_sdk_4.4.2/hardware/driver/mx25_flash_shutdown/src/sl_mx25_flash_shutdown_usart/sl_mx25_flash_shutdown.o
 .comment       0x00000045       0x46 ./gecko_sdk_4.4.2/platform/Device/SiliconLabs/EFR32MG22/Source/startup_efr32mg22.o
 .comment       0x00000045       0x46 ./gecko_sdk_4.4.2/platform/Device/SiliconLabs/EFR32MG22/Source/system_efr32mg22.o
 .comment       0x00000045       0x46 ./gecko_sdk_4.4.2/platform/common/src/sl_assert.o
 .comment       0x00000045       0x46 ./gecko_sdk_4.4.2/platform/common/src/sl_syscalls.o
 .comment       0x00000045       0x46 ./gecko_sdk_4.4.2/platform/common/toolchain/src/sl_memory.o
 .comment       0x00000045       0x46 ./gecko_sdk_4.4.2/platform/driver/debug/src/sl_debug_swo.o
 .comment       0x00000045       0x46 ./gecko_sdk_4.4.2/platform/emdrv/dmadrv/src/dmadrv.o
 .comment       0x00000045       0x46 ./gecko_sdk_4.4.2/platform/emlib/src/em_cmu.o
 .comment       0x00000045       0x46 ./gecko_sdk_4.4.2/platform/emlib/src/em_core.o
 .comment       0x00000045       0x46 ./gecko_sdk_4.4.2/platform/emlib/src/em_emu.o
 .comment       0x00000045       0x46 ./gecko_sdk_4.4.2/platform/emlib/src/em_gpio.o
 .comment       0x00000045       0x46 ./gecko_sdk_4.4.2/platform/emlib/src/em_ldma.o
 .comment       0x00000045       0x46 ./gecko_sdk_4.4.2/platform/emlib/src/em_system.o
 .comment       0x00000045       0x46 ./gecko_sdk_4.4.2/platform/emlib/src/em_timer.o
 .comment       0x00000045       0x46 ./gecko_sdk_4.4.2/platform/emlib/src/em_usart.o
 .comment       0x00000045       0x46 ./gecko_sdk_4.4.2/platform/service/device_init/src/sl_device_init_dcdc_s2.o
 .comment       0x00000045       0x46 ./gecko_sdk_4.4.2/platform/service/device_init/src/sl_device_init_emu_s2.o
 .comment       0x00000045       0x46 ./gecko_sdk_4.4.2/platform/service/device_init/src/sl_device_init_hfxo_s2.o
 .comment       0x00000045       0x46 ./gecko_sdk_4.4.2/platform/service/device_init/src/sl_device_init_lfxo_s2.o
 .comment       0x00000045       0x46 ./gecko_sdk_4.4.2/platform/service/device_init/src/sl_device_init_nvic.o
 .comment       0x00000045       0x46 ./gecko_sdk_4.4.2/platform/service/iostream/src/sl_iostream.o
 .comment       0x00000045       0x46 ./gecko_sdk_4.4.2/platform/service/iostream/src/sl_iostream_uart.o
 .comment       0x00000045       0x46 ./gecko_sdk_4.4.2/platform/service/iostream/src/sl_iostream_usart.o
 .comment       0x00000045       0x46 ./gecko_sdk_4.4.2/platform/service/system/src/sl_system_init.o
 .comment       0x00000045       0x46 ./gecko_sdk_4.4.2/platform/service/system/src/sl_system_process_action.o
 .comment       0x00000045       0x46 ./gecko_sdk_4.4.2/platform/service/udelay/src/sl_udelay.o
 .comment       0x00000045       0x46 ./gecko_sdk_4.4.2/util/third_party/printf/printf.o
 .comment       0x00000045       0x46 ./gecko_sdk_4.4.2/util/third_party/printf/src/iostream_printf.o

.debug_line_str
                0x00000000      0x1cd
 .debug_line_str
                0x00000000       0xe7 c:/siliconlabs/simplicitystudio/v5/developer/toolchains/gnu_arm/12.2.rel1_2023.7/bin/../lib/gcc/arm-none-eabi/12.2.1/thumb/v8-m.main+fp/hard/crt0.o
 .debug_line_str
                0x000000e7       0xd2 c:/siliconlabs/simplicitystudio/v5/developer/toolchains/gnu_arm/12.2.rel1_2023.7/bin/../lib/gcc/arm-none-eabi/12.2.1/thumb/v8-m.main+fp/hard\libgcc.a(_arm_addsubdf3.o)
 .debug_line_str
                0x000001b9       0xd2 c:/siliconlabs/simplicitystudio/v5/developer/toolchains/gnu_arm/12.2.rel1_2023.7/bin/../lib/gcc/arm-none-eabi/12.2.1/thumb/v8-m.main+fp/hard\libgcc.a(_arm_muldivdf3.o)
 .debug_line_str
                0x000001b9       0xd2 c:/siliconlabs/simplicitystudio/v5/developer/toolchains/gnu_arm/12.2.rel1_2023.7/bin/../lib/gcc/arm-none-eabi/12.2.1/thumb/v8-m.main+fp/hard\libgcc.a(_arm_cmpdf2.o)
 .debug_line_str
                0x000001b9       0xd2 c:/siliconlabs/simplicitystudio/v5/developer/toolchains/gnu_arm/12.2.rel1_2023.7/bin/../lib/gcc/arm-none-eabi/12.2.1/thumb/v8-m.main+fp/hard\libgcc.a(_arm_fixdfsi.o)
 .debug_line_str
                0x000001b9       0xd2 c:/siliconlabs/simplicitystudio/v5/developer/toolchains/gnu_arm/12.2.rel1_2023.7/bin/../lib/gcc/arm-none-eabi/12.2.1/thumb/v8-m.main+fp/hard\libgcc.a(_arm_fixunsdfsi.o)
 .debug_line_str
                0x000001b9        0x8 c:/siliconlabs/simplicitystudio/v5/developer/toolchains/gnu_arm/12.2.rel1_2023.7/bin/../lib/gcc/arm-none-eabi/12.2.1/thumb/v8-m.main+fp/hard\libgcc.a(_aeabi_uldivmod.o)
                                 0xcd (size before relaxing)
 .debug_line_str
                0x000001c1        0xc c:/siliconlabs/simplicitystudio/v5/developer/toolchains/gnu_arm/12.2.rel1_2023.7/bin/../lib/gcc/arm-none-eabi/12.2.1/thumb/v8-m.main+fp/hard\libgcc.a(_dvmd_tls.o)
                                 0xd1 (size before relaxing)

.debug_info     0x00000000    0x33cfc
 .debug_info    0x00000000     0x3584 ./app.o
 .debug_info    0x00003584       0xa1 ./main.o
 .debug_info    0x00003625       0xc5 ./autogen/sl_board_default_init.o
 .debug_info    0x000036ea     0x11e8 ./autogen/sl_device_init_clocks.o
 .debug_info    0x000048d2      0xf3a ./autogen/sl_event_handler.o
 .debug_info    0x0000580c     0x17da ./autogen/sl_iostream_init_usart_instances.o
 .debug_info    0x00006fe6      0x5c4 ./gecko_sdk_4.4.2/hardware/board/src/sl_board_control_gpio.o
 .debug_info    0x000075aa      0x2c2 ./gecko_sdk_4.4.2/hardware/board/src/sl_board_init.o
 .debug_info    0x0000786c      0x4ce ./gecko_sdk_4.4.2/hardware/driver/configuration_over_swo/src/sl_cos.o
 .debug_info    0x00007d3a     0x20be ./gecko_sdk_4.4.2/hardware/driver/mx25_flash_shutdown/src/sl_mx25_flash_shutdown_usart/sl_mx25_flash_shutdown.o
 .debug_info    0x00009df8      0x3a9 ./gecko_sdk_4.4.2/platform/Device/SiliconLabs/EFR32MG22/Source/startup_efr32mg22.o
 .debug_info    0x0000a1a1     0x201d ./gecko_sdk_4.4.2/platform/Device/SiliconLabs/EFR32MG22/Source/system_efr32mg22.o
 .debug_info    0x0000c1be       0x86 ./gecko_sdk_4.4.2/platform/common/src/sl_assert.o
 .debug_info    0x0000c244      0x306 ./gecko_sdk_4.4.2/platform/common/src/sl_syscalls.o
 .debug_info    0x0000c54a      0x205 ./gecko_sdk_4.4.2/platform/common/toolchain/src/sl_memory.o
 .debug_info    0x0000c74f     0x2148 ./gecko_sdk_4.4.2/platform/driver/debug/src/sl_debug_swo.o
 .debug_info    0x0000e897     0x1eb9 ./gecko_sdk_4.4.2/platform/emdrv/dmadrv/src/dmadrv.o
 .debug_info    0x00010750     0x78d0 ./gecko_sdk_4.4.2/platform/emlib/src/em_cmu.o
 .debug_info    0x00018020     0x13b2 ./gecko_sdk_4.4.2/platform/emlib/src/em_core.o
 .debug_info    0x000193d2     0x4c58 ./gecko_sdk_4.4.2/platform/emlib/src/em_emu.o
 .debug_info    0x0001e02a     0x21a2 ./gecko_sdk_4.4.2/platform/emlib/src/em_gpio.o
 .debug_info    0x000201cc     0x1f22 ./gecko_sdk_4.4.2/platform/emlib/src/em_ldma.o
 .debug_info    0x000220ee     0x1b6a ./gecko_sdk_4.4.2/platform/emlib/src/em_system.o
 .debug_info    0x00023c58     0x29ca ./gecko_sdk_4.4.2/platform/emlib/src/em_timer.o
 .debug_info    0x00026622     0x4071 ./gecko_sdk_4.4.2/platform/emlib/src/em_usart.o
 .debug_info    0x0002a693      0x2c7 ./gecko_sdk_4.4.2/platform/service/device_init/src/sl_device_init_dcdc_s2.o
 .debug_info    0x0002a95a      0x9b5 ./gecko_sdk_4.4.2/platform/service/device_init/src/sl_device_init_emu_s2.o
 .debug_info    0x0002b30f      0x898 ./gecko_sdk_4.4.2/platform/service/device_init/src/sl_device_init_hfxo_s2.o
 .debug_info    0x0002bba7      0x29e ./gecko_sdk_4.4.2/platform/service/device_init/src/sl_device_init_lfxo_s2.o
 .debug_info    0x0002be45      0x7ff ./gecko_sdk_4.4.2/platform/service/device_init/src/sl_device_init_nvic.o
 .debug_info    0x0002c644      0x66e ./gecko_sdk_4.4.2/platform/service/iostream/src/sl_iostream.o
 .debug_info    0x0002ccb2     0x1dcc ./gecko_sdk_4.4.2/platform/service/iostream/src/sl_iostream_uart.o
 .debug_info    0x0002ea7e     0x314b ./gecko_sdk_4.4.2/platform/service/iostream/src/sl_iostream_usart.o
 .debug_info    0x00031bc9       0xa7 ./gecko_sdk_4.4.2/platform/service/system/src/sl_system_init.o
 .debug_info    0x00031c70       0x93 ./gecko_sdk_4.4.2/platform/service/system/src/sl_system_process_action.o
 .debug_info    0x00031d03      0x1a6 ./gecko_sdk_4.4.2/platform/service/udelay/src/sl_udelay.o
 .debug_info    0x00031ea9       0x26 ./gecko_sdk_4.4.2/platform/service/udelay/src/sl_udelay_armv6m_gcc.o
 .debug_info    0x00031ecf     0x1b22 ./gecko_sdk_4.4.2/util/third_party/printf/printf.o
 .debug_info    0x000339f1      0x30b ./gecko_sdk_4.4.2/util/third_party/printf/src/iostream_printf.o

.debug_abbrev   0x00000000     0x56a5
 .debug_abbrev  0x00000000      0x36f ./app.o
 .debug_abbrev  0x0000036f       0x5d ./main.o
 .debug_abbrev  0x000003cc       0x87 ./autogen/sl_board_default_init.o
 .debug_abbrev  0x00000453       0xde ./autogen/sl_device_init_clocks.o
 .debug_abbrev  0x00000531      0x1b3 ./autogen/sl_event_handler.o
 .debug_abbrev  0x000006e4      0x287 ./autogen/sl_iostream_init_usart_instances.o
 .debug_abbrev  0x0000096b      0x195 ./gecko_sdk_4.4.2/hardware/board/src/sl_board_control_gpio.o
 .debug_abbrev  0x00000b00      0x116 ./gecko_sdk_4.4.2/hardware/board/src/sl_board_init.o
 .debug_abbrev  0x00000c16      0x20f ./gecko_sdk_4.4.2/hardware/driver/configuration_over_swo/src/sl_cos.o
 .debug_abbrev  0x00000e25      0x238 ./gecko_sdk_4.4.2/hardware/driver/mx25_flash_shutdown/src/sl_mx25_flash_shutdown_usart/sl_mx25_flash_shutdown.o
 .debug_abbrev  0x0000105d      0x22e ./gecko_sdk_4.4.2/platform/Device/SiliconLabs/EFR32MG22/Source/startup_efr32mg22.o
 .debug_abbrev  0x0000128b      0x34d ./gecko_sdk_4.4.2/platform/Device/SiliconLabs/EFR32MG22/Source/system_efr32mg22.o
 .debug_abbrev  0x000015d8       0x6c ./gecko_sdk_4.4.2/platform/common/src/sl_assert.o
 .debug_abbrev  0x00001644      0x143 ./gecko_sdk_4.4.2/platform/common/src/sl_syscalls.o
 .debug_abbrev  0x00001787      0x11e ./gecko_sdk_4.4.2/platform/common/toolchain/src/sl_memory.o
 .debug_abbrev  0x000018a5      0x2f6 ./gecko_sdk_4.4.2/platform/driver/debug/src/sl_debug_swo.o
 .debug_abbrev  0x00001b9b      0x3d4 ./gecko_sdk_4.4.2/platform/emdrv/dmadrv/src/dmadrv.o
 .debug_abbrev  0x00001f6f      0x5cf ./gecko_sdk_4.4.2/platform/emlib/src/em_cmu.o
 .debug_abbrev  0x0000253e      0x32f ./gecko_sdk_4.4.2/platform/emlib/src/em_core.o
 .debug_abbrev  0x0000286d      0x54a ./gecko_sdk_4.4.2/platform/emlib/src/em_emu.o
 .debug_abbrev  0x00002db7      0x32f ./gecko_sdk_4.4.2/platform/emlib/src/em_gpio.o
 .debug_abbrev  0x000030e6      0x3f2 ./gecko_sdk_4.4.2/platform/emlib/src/em_ldma.o
 .debug_abbrev  0x000034d8      0x2a6 ./gecko_sdk_4.4.2/platform/emlib/src/em_system.o
 .debug_abbrev  0x0000377e      0x35b ./gecko_sdk_4.4.2/platform/emlib/src/em_timer.o
 .debug_abbrev  0x00003ad9      0x341 ./gecko_sdk_4.4.2/platform/emlib/src/em_usart.o
 .debug_abbrev  0x00003e1a       0xf8 ./gecko_sdk_4.4.2/platform/service/device_init/src/sl_device_init_dcdc_s2.o
 .debug_abbrev  0x00003f12      0x149 ./gecko_sdk_4.4.2/platform/service/device_init/src/sl_device_init_emu_s2.o
 .debug_abbrev  0x0000405b      0x196 ./gecko_sdk_4.4.2/platform/service/device_init/src/sl_device_init_hfxo_s2.o
 .debug_abbrev  0x000041f1      0x105 ./gecko_sdk_4.4.2/platform/service/device_init/src/sl_device_init_lfxo_s2.o
 .debug_abbrev  0x000042f6      0x14b ./gecko_sdk_4.4.2/platform/service/device_init/src/sl_device_init_nvic.o
 .debug_abbrev  0x00004441      0x2cf ./gecko_sdk_4.4.2/platform/service/iostream/src/sl_iostream.o
 .debug_abbrev  0x00004710      0x47c ./gecko_sdk_4.4.2/platform/service/iostream/src/sl_iostream_uart.o
 .debug_abbrev  0x00004b8c      0x387 ./gecko_sdk_4.4.2/platform/service/iostream/src/sl_iostream_usart.o
 .debug_abbrev  0x00004f13       0x5c ./gecko_sdk_4.4.2/platform/service/system/src/sl_system_init.o
 .debug_abbrev  0x00004f6f       0x5c ./gecko_sdk_4.4.2/platform/service/system/src/sl_system_process_action.o
 .debug_abbrev  0x00004fcb      0x11e ./gecko_sdk_4.4.2/platform/service/udelay/src/sl_udelay.o
 .debug_abbrev  0x000050e9       0x14 ./gecko_sdk_4.4.2/platform/service/udelay/src/sl_udelay_armv6m_gcc.o
 .debug_abbrev  0x000050fd      0x3e6 ./gecko_sdk_4.4.2/util/third_party/printf/printf.o
 .debug_abbrev  0x000054e3      0x1c2 ./gecko_sdk_4.4.2/util/third_party/printf/src/iostream_printf.o

.debug_loc      0x00000000     0xd765
 .debug_loc     0x00000000      0x2ed ./app.o
 .debug_loc     0x000002ed       0x20 ./main.o
 .debug_loc     0x0000030d       0x20 ./autogen/sl_device_init_clocks.o
 .debug_loc     0x0000032d       0xa1 ./autogen/sl_event_handler.o
 .debug_loc     0x000003ce       0xfa ./autogen/sl_iostream_init_usart_instances.o
 .debug_loc     0x000004c8      0x2ee ./gecko_sdk_4.4.2/hardware/board/src/sl_board_control_gpio.o
 .debug_loc     0x000007b6       0x2c ./gecko_sdk_4.4.2/hardware/board/src/sl_board_init.o
 .debug_loc     0x000007e2      0x31e ./gecko_sdk_4.4.2/hardware/driver/configuration_over_swo/src/sl_cos.o
 .debug_loc     0x00000b00       0x90 ./gecko_sdk_4.4.2/hardware/driver/mx25_flash_shutdown/src/sl_mx25_flash_shutdown_usart/sl_mx25_flash_shutdown.o
 .debug_loc     0x00000b90       0x8e ./gecko_sdk_4.4.2/platform/Device/SiliconLabs/EFR32MG22/Source/startup_efr32mg22.o
 .debug_loc     0x00000c1e      0x22a ./gecko_sdk_4.4.2/platform/Device/SiliconLabs/EFR32MG22/Source/system_efr32mg22.o
 .debug_loc     0x00000e48       0x2a ./gecko_sdk_4.4.2/platform/common/src/sl_assert.o
 .debug_loc     0x00000e72      0x118 ./gecko_sdk_4.4.2/platform/common/src/sl_syscalls.o
 .debug_loc     0x00000f8a       0xa9 ./gecko_sdk_4.4.2/platform/common/toolchain/src/sl_memory.o
 .debug_loc     0x00001033      0x24d ./gecko_sdk_4.4.2/platform/driver/debug/src/sl_debug_swo.o
 .debug_loc     0x00001280     0x1105 ./gecko_sdk_4.4.2/platform/emdrv/dmadrv/src/dmadrv.o
 .debug_loc     0x00002385     0x382a ./gecko_sdk_4.4.2/platform/emlib/src/em_cmu.o
 .debug_loc     0x00005baf      0x926 ./gecko_sdk_4.4.2/platform/emlib/src/em_core.o
 .debug_loc     0x000064d5      0x99e ./gecko_sdk_4.4.2/platform/emlib/src/em_emu.o
 .debug_loc     0x00006e73      0x93d ./gecko_sdk_4.4.2/platform/emlib/src/em_gpio.o
 .debug_loc     0x000077b0      0x5db ./gecko_sdk_4.4.2/platform/emlib/src/em_ldma.o
 .debug_loc     0x00007d8b      0x146 ./gecko_sdk_4.4.2/platform/emlib/src/em_system.o
 .debug_loc     0x00007ed1      0x6b7 ./gecko_sdk_4.4.2/platform/emlib/src/em_timer.o
 .debug_loc     0x00008588      0xa9a ./gecko_sdk_4.4.2/platform/emlib/src/em_usart.o
 .debug_loc     0x00009022       0x2c ./gecko_sdk_4.4.2/platform/service/device_init/src/sl_device_init_dcdc_s2.o
 .debug_loc     0x0000904e       0x2c ./gecko_sdk_4.4.2/platform/service/device_init/src/sl_device_init_emu_s2.o
 .debug_loc     0x0000907a       0xbd ./gecko_sdk_4.4.2/platform/service/device_init/src/sl_device_init_hfxo_s2.o
 .debug_loc     0x00009137       0x38 ./gecko_sdk_4.4.2/platform/service/device_init/src/sl_device_init_lfxo_s2.o
 .debug_loc     0x0000916f       0x79 ./gecko_sdk_4.4.2/platform/service/device_init/src/sl_device_init_nvic.o
 .debug_loc     0x000091e8      0x5c0 ./gecko_sdk_4.4.2/platform/service/iostream/src/sl_iostream.o
 .debug_loc     0x000097a8      0xd22 ./gecko_sdk_4.4.2/platform/service/iostream/src/sl_iostream_uart.o
 .debug_loc     0x0000a4ca      0x42c ./gecko_sdk_4.4.2/platform/service/iostream/src/sl_iostream_usart.o
 .debug_loc     0x0000a8f6       0x2c ./gecko_sdk_4.4.2/platform/service/system/src/sl_system_init.o
 .debug_loc     0x0000a922       0x2c ./gecko_sdk_4.4.2/platform/service/system/src/sl_system_process_action.o
 .debug_loc     0x0000a94e      0x195 ./gecko_sdk_4.4.2/platform/service/udelay/src/sl_udelay.o
 .debug_loc     0x0000aae3     0x2b3d ./gecko_sdk_4.4.2/util/third_party/printf/printf.o
 .debug_loc     0x0000d620      0x145 ./gecko_sdk_4.4.2/util/third_party/printf/src/iostream_printf.o

.debug_aranges  0x00000000      0xdb0
 .debug_aranges
                0x00000000       0x48 ./app.o
 .debug_aranges
                0x00000048       0x20 ./main.o
 .debug_aranges
                0x00000068       0x20 ./autogen/sl_board_default_init.o
 .debug_aranges
                0x00000088       0x20 ./autogen/sl_device_init_clocks.o
 .debug_aranges
                0x000000a8       0x68 ./autogen/sl_event_handler.o
 .debug_aranges
                0x00000110       0x38 ./autogen/sl_iostream_init_usart_instances.o
 .debug_aranges
                0x00000148       0x70 ./gecko_sdk_4.4.2/hardware/board/src/sl_board_control_gpio.o
 .debug_aranges
                0x000001b8       0x28 ./gecko_sdk_4.4.2/hardware/board/src/sl_board_init.o
 .debug_aranges
                0x000001e0       0x38 ./gecko_sdk_4.4.2/hardware/driver/configuration_over_swo/src/sl_cos.o
 .debug_aranges
                0x00000218       0x30 ./gecko_sdk_4.4.2/hardware/driver/mx25_flash_shutdown/src/sl_mx25_flash_shutdown_usart/sl_mx25_flash_shutdown.o
 .debug_aranges
                0x00000248       0x30 ./gecko_sdk_4.4.2/platform/Device/SiliconLabs/EFR32MG22/Source/startup_efr32mg22.o
 .debug_aranges
                0x00000278       0x90 ./gecko_sdk_4.4.2/platform/Device/SiliconLabs/EFR32MG22/Source/system_efr32mg22.o
 .debug_aranges
                0x00000308       0x20 ./gecko_sdk_4.4.2/platform/common/src/sl_assert.o
 .debug_aranges
                0x00000328       0x68 ./gecko_sdk_4.4.2/platform/common/src/sl_syscalls.o
 .debug_aranges
                0x00000390       0x30 ./gecko_sdk_4.4.2/platform/common/toolchain/src/sl_memory.o
 .debug_aranges
                0x000003c0       0x48 ./gecko_sdk_4.4.2/platform/driver/debug/src/sl_debug_swo.o
 .debug_aranges
                0x00000408       0xa8 ./gecko_sdk_4.4.2/platform/emdrv/dmadrv/src/dmadrv.o
 .debug_aranges
                0x000004b0      0x1b8 ./gecko_sdk_4.4.2/platform/emlib/src/em_cmu.o
 .debug_aranges
                0x00000668       0xe8 ./gecko_sdk_4.4.2/platform/emlib/src/em_core.o
 .debug_aranges
                0x00000750      0x130 ./gecko_sdk_4.4.2/platform/emlib/src/em_emu.o
 .debug_aranges
                0x00000880       0x68 ./gecko_sdk_4.4.2/platform/emlib/src/em_gpio.o
 .debug_aranges
                0x000008e8       0x50 ./gecko_sdk_4.4.2/platform/emlib/src/em_ldma.o
 .debug_aranges
                0x00000938       0x78 ./gecko_sdk_4.4.2/platform/emlib/src/em_system.o
 .debug_aranges
                0x000009b0       0x50 ./gecko_sdk_4.4.2/platform/emlib/src/em_timer.o
 .debug_aranges
                0x00000a00       0xb8 ./gecko_sdk_4.4.2/platform/emlib/src/em_usart.o
 .debug_aranges
                0x00000ab8       0x20 ./gecko_sdk_4.4.2/platform/service/device_init/src/sl_device_init_dcdc_s2.o
 .debug_aranges
                0x00000ad8       0x20 ./gecko_sdk_4.4.2/platform/service/device_init/src/sl_device_init_emu_s2.o
 .debug_aranges
                0x00000af8       0x20 ./gecko_sdk_4.4.2/platform/service/device_init/src/sl_device_init_hfxo_s2.o
 .debug_aranges
                0x00000b18       0x20 ./gecko_sdk_4.4.2/platform/service/device_init/src/sl_device_init_lfxo_s2.o
 .debug_aranges
                0x00000b38       0x20 ./gecko_sdk_4.4.2/platform/service/device_init/src/sl_device_init_nvic.o
 .debug_aranges
                0x00000b58       0x60 ./gecko_sdk_4.4.2/platform/service/iostream/src/sl_iostream.o
 .debug_aranges
                0x00000bb8       0x58 ./gecko_sdk_4.4.2/platform/service/iostream/src/sl_iostream_uart.o
 .debug_aranges
                0x00000c10       0x40 ./gecko_sdk_4.4.2/platform/service/iostream/src/sl_iostream_usart.o
 .debug_aranges
                0x00000c50       0x20 ./gecko_sdk_4.4.2/platform/service/system/src/sl_system_init.o
 .debug_aranges
                0x00000c70       0x20 ./gecko_sdk_4.4.2/platform/service/system/src/sl_system_process_action.o
 .debug_aranges
                0x00000c90       0x20 ./gecko_sdk_4.4.2/platform/service/udelay/src/sl_udelay.o
 .debug_aranges
                0x00000cb0       0x20 ./gecko_sdk_4.4.2/platform/service/udelay/src/sl_udelay_armv6m_gcc.o
 .debug_aranges
                0x00000cd0       0xb0 ./gecko_sdk_4.4.2/util/third_party/printf/printf.o
 .debug_aranges
                0x00000d80       0x30 ./gecko_sdk_4.4.2/util/third_party/printf/src/iostream_printf.o

.debug_ranges   0x00000000     0x1468
 .debug_ranges  0x00000000       0xb0 ./app.o
 .debug_ranges  0x000000b0       0x10 ./main.o
 .debug_ranges  0x000000c0       0x10 ./autogen/sl_board_default_init.o
 .debug_ranges  0x000000d0       0x10 ./autogen/sl_device_init_clocks.o
 .debug_ranges  0x000000e0       0x70 ./autogen/sl_event_handler.o
 .debug_ranges  0x00000150       0x28 ./autogen/sl_iostream_init_usart_instances.o
 .debug_ranges  0x00000178       0x60 ./gecko_sdk_4.4.2/hardware/board/src/sl_board_control_gpio.o
 .debug_ranges  0x000001d8       0x18 ./gecko_sdk_4.4.2/hardware/board/src/sl_board_init.o
 .debug_ranges  0x000001f0       0x40 ./gecko_sdk_4.4.2/hardware/driver/configuration_over_swo/src/sl_cos.o
 .debug_ranges  0x00000230       0x20 ./gecko_sdk_4.4.2/hardware/driver/mx25_flash_shutdown/src/sl_mx25_flash_shutdown_usart/sl_mx25_flash_shutdown.o
 .debug_ranges  0x00000250       0x88 ./gecko_sdk_4.4.2/platform/Device/SiliconLabs/EFR32MG22/Source/startup_efr32mg22.o
 .debug_ranges  0x000002d8       0x98 ./gecko_sdk_4.4.2/platform/Device/SiliconLabs/EFR32MG22/Source/system_efr32mg22.o
 .debug_ranges  0x00000370       0x10 ./gecko_sdk_4.4.2/platform/common/src/sl_assert.o
 .debug_ranges  0x00000380       0x58 ./gecko_sdk_4.4.2/platform/common/src/sl_syscalls.o
 .debug_ranges  0x000003d8       0x20 ./gecko_sdk_4.4.2/platform/common/toolchain/src/sl_memory.o
 .debug_ranges  0x000003f8       0x50 ./gecko_sdk_4.4.2/platform/driver/debug/src/sl_debug_swo.o
 .debug_ranges  0x00000448       0xb0 ./gecko_sdk_4.4.2/platform/emdrv/dmadrv/src/dmadrv.o
 .debug_ranges  0x000004f8      0x338 ./gecko_sdk_4.4.2/platform/emlib/src/em_cmu.o
 .debug_ranges  0x00000830      0x1a0 ./gecko_sdk_4.4.2/platform/emlib/src/em_core.o
 .debug_ranges  0x000009d0      0x2d0 ./gecko_sdk_4.4.2/platform/emlib/src/em_emu.o
 .debug_ranges  0x00000ca0       0x70 ./gecko_sdk_4.4.2/platform/emlib/src/em_gpio.o
 .debug_ranges  0x00000d10       0x88 ./gecko_sdk_4.4.2/platform/emlib/src/em_ldma.o
 .debug_ranges  0x00000d98       0x80 ./gecko_sdk_4.4.2/platform/emlib/src/em_system.o
 .debug_ranges  0x00000e18       0xa0 ./gecko_sdk_4.4.2/platform/emlib/src/em_timer.o
 .debug_ranges  0x00000eb8      0x108 ./gecko_sdk_4.4.2/platform/emlib/src/em_usart.o
 .debug_ranges  0x00000fc0       0x10 ./gecko_sdk_4.4.2/platform/service/device_init/src/sl_device_init_dcdc_s2.o
 .debug_ranges  0x00000fd0       0x10 ./gecko_sdk_4.4.2/platform/service/device_init/src/sl_device_init_emu_s2.o
 .debug_ranges  0x00000fe0       0x10 ./gecko_sdk_4.4.2/platform/service/device_init/src/sl_device_init_hfxo_s2.o
 .debug_ranges  0x00000ff0       0x10 ./gecko_sdk_4.4.2/platform/service/device_init/src/sl_device_init_lfxo_s2.o
 .debug_ranges  0x00001000       0x58 ./gecko_sdk_4.4.2/platform/service/device_init/src/sl_device_init_nvic.o
 .debug_ranges  0x00001058       0x50 ./gecko_sdk_4.4.2/platform/service/iostream/src/sl_iostream.o
 .debug_ranges  0x000010a8       0xf8 ./gecko_sdk_4.4.2/platform/service/iostream/src/sl_iostream_uart.o
 .debug_ranges  0x000011a0       0x68 ./gecko_sdk_4.4.2/platform/service/iostream/src/sl_iostream_usart.o
 .debug_ranges  0x00001208       0x10 ./gecko_sdk_4.4.2/platform/service/system/src/sl_system_init.o
 .debug_ranges  0x00001218       0x10 ./gecko_sdk_4.4.2/platform/service/system/src/sl_system_process_action.o
 .debug_ranges  0x00001228       0x28 ./gecko_sdk_4.4.2/platform/service/udelay/src/sl_udelay.o
 .debug_ranges  0x00001250      0x1f8 ./gecko_sdk_4.4.2/util/third_party/printf/printf.o
 .debug_ranges  0x00001448       0x20 ./gecko_sdk_4.4.2/util/third_party/printf/src/iostream_printf.o

.debug_line     0x00000000     0xfcb6
 .debug_line    0x00000000      0x7a9 ./app.o
 .debug_line    0x000007a9       0xfe ./main.o
 .debug_line    0x000008a7      0x234 ./autogen/sl_board_default_init.o
 .debug_line    0x00000adb      0x2f8 ./autogen/sl_device_init_clocks.o
 .debug_line    0x00000dd3      0x690 ./autogen/sl_event_handler.o
 .debug_line    0x00001463      0x620 ./autogen/sl_iostream_init_usart_instances.o
 .debug_line    0x00001a83      0x4a5 ./gecko_sdk_4.4.2/hardware/board/src/sl_board_control_gpio.o
 .debug_line    0x00001f28      0x29b ./gecko_sdk_4.4.2/hardware/board/src/sl_board_init.o
 .debug_line    0x000021c3      0x4e1 ./gecko_sdk_4.4.2/hardware/driver/configuration_over_swo/src/sl_cos.o
 .debug_line    0x000026a4      0x4bb ./gecko_sdk_4.4.2/hardware/driver/mx25_flash_shutdown/src/sl_mx25_flash_shutdown_usart/sl_mx25_flash_shutdown.o
 .debug_line    0x00002b5f      0x338 ./gecko_sdk_4.4.2/platform/Device/SiliconLabs/EFR32MG22/Source/startup_efr32mg22.o
 .debug_line    0x00002e97      0x5a6 ./gecko_sdk_4.4.2/platform/Device/SiliconLabs/EFR32MG22/Source/system_efr32mg22.o
 .debug_line    0x0000343d       0x85 ./gecko_sdk_4.4.2/platform/common/src/sl_assert.o
 .debug_line    0x000034c2      0x185 ./gecko_sdk_4.4.2/platform/common/src/sl_syscalls.o
 .debug_line    0x00003647      0x2ea ./gecko_sdk_4.4.2/platform/common/toolchain/src/sl_memory.o
 .debug_line    0x00003931      0x670 ./gecko_sdk_4.4.2/platform/driver/debug/src/sl_debug_swo.o
 .debug_line    0x00003fa1      0xafc ./gecko_sdk_4.4.2/platform/emdrv/dmadrv/src/dmadrv.o
 .debug_line    0x00004a9d     0x29cf ./gecko_sdk_4.4.2/platform/emlib/src/em_cmu.o
 .debug_line    0x0000746c      0xab6 ./gecko_sdk_4.4.2/platform/emlib/src/em_core.o
 .debug_line    0x00007f22      0xf70 ./gecko_sdk_4.4.2/platform/emlib/src/em_emu.o
 .debug_line    0x00008e92      0x6ed ./gecko_sdk_4.4.2/platform/emlib/src/em_gpio.o
 .debug_line    0x0000957f      0x7c2 ./gecko_sdk_4.4.2/platform/emlib/src/em_ldma.o
 .debug_line    0x00009d41      0x4c1 ./gecko_sdk_4.4.2/platform/emlib/src/em_system.o
 .debug_line    0x0000a202      0x86e ./gecko_sdk_4.4.2/platform/emlib/src/em_timer.o
 .debug_line    0x0000aa70      0xd39 ./gecko_sdk_4.4.2/platform/emlib/src/em_usart.o
 .debug_line    0x0000b7a9      0x263 ./gecko_sdk_4.4.2/platform/service/device_init/src/sl_device_init_dcdc_s2.o
 .debug_line    0x0000ba0c      0x306 ./gecko_sdk_4.4.2/platform/service/device_init/src/sl_device_init_emu_s2.o
 .debug_line    0x0000bd12      0x356 ./gecko_sdk_4.4.2/platform/service/device_init/src/sl_device_init_hfxo_s2.o
 .debug_line    0x0000c068      0x274 ./gecko_sdk_4.4.2/platform/service/device_init/src/sl_device_init_lfxo_s2.o
 .debug_line    0x0000c2dc      0x36e ./gecko_sdk_4.4.2/platform/service/device_init/src/sl_device_init_nvic.o
 .debug_line    0x0000c64a      0x5b5 ./gecko_sdk_4.4.2/platform/service/iostream/src/sl_iostream.o
 .debug_line    0x0000cbff      0xd01 ./gecko_sdk_4.4.2/platform/service/iostream/src/sl_iostream_uart.o